[2025-09-13 17:39:30] Running with RISCV=/cluster/home/eirikwit/vortex-gpgpu/chipyard/.conda-env/riscv-tools
[2025-09-13 17:40:12] mkdir -p /cluster/home/eirikwit/vortex-gpgpu/chipyard/sims/firesim/sim/generated-src/alveo/FireSim-FireSimV4S1C-BaseF1Config1Mem_F25MHz
[2025-09-13 17:40:12] cd /cluster/home/eirikwit/vortex-gpgpu/chipyard && java -jar /cluster/home/eirikwit/vortex-gpgpu/chipyard/generators/rocket-chip/sbt-launch.jar  ";project firechip; runMain chipyard.Generator  --target-dir /cluster/home/eirikwit/vortex-gpgpu/chipyard/sims/firesim/sim/generated-src/alveo/FireSim-FireSimV4S1C-BaseF1Config1Mem_F25MHz --name firesim.firesim.FireSim.FireSimV4S1C --top-module firesim.firesim.FireSim --legacy-configs firesim.firesim:FireSimV4S1C"
[2025-09-13 17:40:13] Picked up JAVA_TOOL_OPTIONS: -Xmx128G -Xss8M -Djava.io.tmpdir=/cluster/home/eirikwit/vortex-gpgpu/chipyard/.java_tmp
[2025-09-13 17:40:15] Waiting for lock on /cluster/home/eirikwit/.sbt/boot/sbt.boot.lock to be available...
[2025-09-13 17:40:20] WARNING: A terminally deprecated method in java.lang.System has been called
[2025-09-13 17:40:20] WARNING: System::setSecurityManager has been called by sbt.TrapExit$ (file:/cluster/home/eirikwit/.sbt/boot/scala-2.12.14/org.scala-sbt/sbt/1.5.5/run_2.12-1.5.5.jar)
[2025-09-13 17:40:20] WARNING: Please consider reporting this to the maintainers of sbt.TrapExit$
[2025-09-13 17:40:20] WARNING: System::setSecurityManager will be removed in a future release
[2025-09-13 17:40:20] [info] welcome to sbt 1.5.5 (N/A Java 17.0.3-internal)
[2025-09-13 17:40:21] [info] loading project definition from /cluster/home/eirikwit/vortex-gpgpu/chipyard/project/project/project
[2025-09-13 17:40:22] [info] loading project definition from /cluster/home/eirikwit/vortex-gpgpu/chipyard/project/project
[2025-09-13 17:40:22] [info] loading settings for project chipyard-build from plugins.sbt ...
[2025-09-13 17:40:22] [info] loading project definition from /cluster/home/eirikwit/vortex-gpgpu/chipyard/project
[2025-09-13 17:40:23] [info] loading settings for project chipyardRoot from build.sbt ...
[2025-09-13 17:40:24] [info] loading settings for project hardfloat from build.sbt ...
[2025-09-13 17:40:24] [info] loading settings for project rocketConfig from build.sbt ...
[2025-09-13 17:40:24] [info] loading settings for project testchipip from build.sbt ...
[2025-09-13 17:40:24] [info] loading settings for project constellation from build.sbt ...
[2025-09-13 17:40:24] [info] loading settings for project icenet from build.sbt ...
[2025-09-13 17:40:24] [info] loading settings for project hwacha from build.sbt ...
[2025-09-13 17:40:24] [info] loading settings for project boom from build.sbt ...
[2025-09-13 17:40:25] [info] loading settings for project cva6 from build.sbt ...
[2025-09-13 17:40:25] [info] loading settings for project ibex from build.sbt ...
[2025-09-13 17:40:25] [info] loading settings for project sodor from build.sbt ...
[2025-09-13 17:40:25] [info] loading settings for project gemmini from build.sbt ...
[2025-09-13 17:40:25] [info] loading settings for project tapeout from build.sbt ...
[2025-09-13 17:40:25] [info] loading settings for project vortex from build.sbt ...
[2025-09-13 17:40:26] [info] loading settings for project sim-build from plugins.sbt ...
[2025-09-13 17:40:26] [info] loading project definition from /cluster/home/eirikwit/vortex-gpgpu/chipyard/sims/firesim/sim/project
[2025-09-13 17:40:26] [info] loading settings for project firesim from build.sbt ...
[2025-09-13 17:40:27] [info] loading settings for project targetutils from build.sbt ...
[2025-09-13 17:40:27] [info] loading settings for project midas from build.sbt ...
[2025-09-13 17:40:27] [info] resolving key references (37744 settings) ...
[2025-09-13 17:40:55] [info] set current project to chipyardRoot (in build file:/cluster/home/eirikwit/vortex-gpgpu/chipyard/)
[2025-09-13 17:40:55] [info] set current project to firechip (in build file:/cluster/home/eirikwit/vortex-gpgpu/chipyard/)
[2025-09-13 17:40:56] Waiting for lock on /cluster/home/eirikwit/.ivy2/.sbt.ivy.lock to be available...
[2025-09-13 17:40:56] Waiting for lock on /cluster/home/eirikwit/.ivy2/.sbt.ivy.lock to be available...
[2025-09-13 17:40:56] Waiting for lock on /cluster/home/eirikwit/.ivy2/.sbt.ivy.lock to be available...
[2025-09-13 17:40:56] Waiting for lock on /cluster/home/eirikwit/.ivy2/.sbt.ivy.lock to be available...
[2025-09-13 17:40:56] Waiting for lock on /cluster/home/eirikwit/.ivy2/.sbt.ivy.lock to be available...
[2025-09-13 17:40:56] Waiting for lock on /cluster/home/eirikwit/.ivy2/.sbt.ivy.lock to be available...
[2025-09-13 17:40:56] Waiting for lock on /cluster/home/eirikwit/.ivy2/.sbt.ivy.lock to be available...
[2025-09-13 17:40:56] Waiting for lock on /cluster/home/eirikwit/.ivy2/.sbt.ivy.lock to be available...
[2025-09-13 17:40:56] Waiting for lock on /cluster/home/eirikwit/.ivy2/.sbt.ivy.lock to be available...
[2025-09-13 17:40:56] Waiting for lock on /cluster/home/eirikwit/.ivy2/.sbt.ivy.lock to be available...
[2025-09-13 17:40:56] Waiting for lock on /cluster/home/eirikwit/.ivy2/.sbt.ivy.lock to be available...
[2025-09-13 17:40:56] Waiting for lock on /cluster/home/eirikwit/.ivy2/.sbt.ivy.lock to be available...
[2025-09-13 17:40:56] Waiting for lock on /cluster/home/eirikwit/.ivy2/.sbt.ivy.lock to be available...
[2025-09-13 17:40:56] Waiting for lock on /cluster/home/eirikwit/.ivy2/.sbt.ivy.lock to be available...
[2025-09-13 17:40:56] Waiting for lock on /cluster/home/eirikwit/.ivy2/.sbt.ivy.lock to be available...
[2025-09-13 17:40:56] Waiting for lock on /cluster/home/eirikwit/.ivy2/.sbt.ivy.lock to be available...
[2025-09-13 17:40:56] Waiting for lock on /cluster/home/eirikwit/.ivy2/.sbt.ivy.lock to be available...
[2025-09-13 17:40:56] Waiting for lock on /cluster/home/eirikwit/.ivy2/.sbt.ivy.lock to be available...
[2025-09-13 17:40:56] Waiting for lock on /cluster/home/eirikwit/.ivy2/.sbt.ivy.lock to be available...
[2025-09-13 17:40:56] Waiting for lock on /cluster/home/eirikwit/.ivy2/.sbt.ivy.lock to be available...
[2025-09-13 17:40:56] Waiting for lock on /cluster/home/eirikwit/.ivy2/.sbt.ivy.lock to be available...
[2025-09-13 17:40:56] Waiting for lock on /cluster/home/eirikwit/.ivy2/.sbt.ivy.lock to be available...
[2025-09-13 17:40:56] Waiting for lock on /cluster/home/eirikwit/.ivy2/.sbt.ivy.lock to be available...
[2025-09-13 17:40:56] Waiting for lock on /cluster/home/eirikwit/.ivy2/.sbt.ivy.lock to be available...
[2025-09-13 17:40:56] Waiting for lock on /cluster/home/eirikwit/.ivy2/.sbt.ivy.lock to be available...
[2025-09-13 17:40:56] Waiting for lock on /cluster/home/eirikwit/.ivy2/.sbt.ivy.lock to be available...
[2025-09-13 17:40:56] Waiting for lock on /cluster/home/eirikwit/.ivy2/.sbt.ivy.lock to be available...
[2025-09-13 17:40:56] Waiting for lock on /cluster/home/eirikwit/.ivy2/.sbt.ivy.lock to be available...
[2025-09-13 17:40:56] Waiting for lock on /cluster/home/eirikwit/.ivy2/.sbt.ivy.lock to be available...
[2025-09-13 17:40:56] Waiting for lock on /cluster/home/eirikwit/.ivy2/.sbt.ivy.lock to be available...
[2025-09-13 17:40:56] Waiting for lock on /cluster/home/eirikwit/.ivy2/.sbt.ivy.lock to be available...
[2025-09-13 17:40:56] Waiting for lock on /cluster/home/eirikwit/.ivy2/.sbt.ivy.lock to be available...
[2025-09-13 17:40:56] Waiting for lock on /cluster/home/eirikwit/.ivy2/.sbt.ivy.lock to be available...
[2025-09-13 17:40:56] Waiting for lock on /cluster/home/eirikwit/.ivy2/.sbt.ivy.lock to be available...
[2025-09-13 17:40:56] Waiting for lock on /cluster/home/eirikwit/.ivy2/.sbt.ivy.lock to be available...
[2025-09-13 17:40:56] Waiting for lock on /cluster/home/eirikwit/.ivy2/.sbt.ivy.lock to be available...
[2025-09-13 17:40:56] Waiting for lock on /cluster/home/eirikwit/.ivy2/.sbt.ivy.lock to be available...
[2025-09-13 17:40:56] Waiting for lock on /cluster/home/eirikwit/.ivy2/.sbt.ivy.lock to be available...
[2025-09-13 17:40:56] Waiting for lock on /cluster/home/eirikwit/.ivy2/.sbt.ivy.lock to be available...
[2025-09-13 17:40:56] Waiting for lock on /cluster/home/eirikwit/.ivy2/.sbt.ivy.lock to be available...
[2025-09-13 17:40:56] Waiting for lock on /cluster/home/eirikwit/.ivy2/.sbt.ivy.lock to be available...
[2025-09-13 17:40:56] Waiting for lock on /cluster/home/eirikwit/.ivy2/.sbt.ivy.lock to be available...
[2025-09-13 17:40:56] Waiting for lock on /cluster/home/eirikwit/.ivy2/.sbt.ivy.lock to be available...
[2025-09-13 17:40:56] Waiting for lock on /cluster/home/eirikwit/.ivy2/.sbt.ivy.lock to be available...
[2025-09-13 17:40:56] Waiting for lock on /cluster/home/eirikwit/.ivy2/.sbt.ivy.lock to be available...
[2025-09-13 17:40:56] Waiting for lock on /cluster/home/eirikwit/.ivy2/.sbt.ivy.lock to be available...
[2025-09-13 17:40:56] Waiting for lock on /cluster/home/eirikwit/.ivy2/.sbt.ivy.lock to be available...
[2025-09-13 17:40:56] Waiting for lock on /cluster/home/eirikwit/.ivy2/.sbt.ivy.lock to be available...
[2025-09-13 17:40:56] Waiting for lock on /cluster/home/eirikwit/.ivy2/.sbt.ivy.lock to be available...
[2025-09-13 17:40:56] Waiting for lock on /cluster/home/eirikwit/.ivy2/.sbt.ivy.lock to be available...
[2025-09-13 17:40:56] Waiting for lock on /cluster/home/eirikwit/.ivy2/.sbt.ivy.lock to be available...
[2025-09-13 17:40:56] Waiting for lock on /cluster/home/eirikwit/.ivy2/.sbt.ivy.lock to be available...
[2025-09-13 17:40:56] Waiting for lock on /cluster/home/eirikwit/.ivy2/.sbt.ivy.lock to be available...
[2025-09-13 17:40:56] Waiting for lock on /cluster/home/eirikwit/.ivy2/.sbt.ivy.lock to be available...
[2025-09-13 17:40:56] Waiting for lock on /cluster/home/eirikwit/.ivy2/.sbt.ivy.lock to be available...
[2025-09-13 17:40:56] Waiting for lock on /cluster/home/eirikwit/.ivy2/.sbt.ivy.lock to be available...
[2025-09-13 17:40:56] Waiting for lock on /cluster/home/eirikwit/.ivy2/.sbt.ivy.lock to be available...
[2025-09-13 17:40:56] Waiting for lock on /cluster/home/eirikwit/.ivy2/.sbt.ivy.lock to be available...
[2025-09-13 17:40:56] Waiting for lock on /cluster/home/eirikwit/.ivy2/.sbt.ivy.lock to be available...
[2025-09-13 17:40:56] Waiting for lock on /cluster/home/eirikwit/.ivy2/.sbt.ivy.lock to be available...
[2025-09-13 17:40:56] Waiting for lock on /cluster/home/eirikwit/.ivy2/.sbt.ivy.lock to be available...
[2025-09-13 17:40:56] Waiting for lock on /cluster/home/eirikwit/.ivy2/.sbt.ivy.lock to be available...
[2025-09-13 17:40:56] Waiting for lock on /cluster/home/eirikwit/.ivy2/.sbt.ivy.lock to be available...
[2025-09-13 17:40:56] Waiting for lock on /cluster/home/eirikwit/.ivy2/.sbt.ivy.lock to be available...
[2025-09-13 17:40:56] Waiting for lock on /cluster/home/eirikwit/.ivy2/.sbt.ivy.lock to be available...
[2025-09-13 17:40:56] Waiting for lock on /cluster/home/eirikwit/.ivy2/.sbt.ivy.lock to be available...
[2025-09-13 17:40:56] Waiting for lock on /cluster/home/eirikwit/.ivy2/.sbt.ivy.lock to be available...
[2025-09-13 17:40:56] Waiting for lock on /cluster/home/eirikwit/.ivy2/.sbt.ivy.lock to be available...
[2025-09-13 17:40:56] Waiting for lock on /cluster/home/eirikwit/.ivy2/.sbt.ivy.lock to be available...
[2025-09-13 17:40:56] Waiting for lock on /cluster/home/eirikwit/.ivy2/.sbt.ivy.lock to be available...
[2025-09-13 17:40:56] Waiting for lock on /cluster/home/eirikwit/.ivy2/.sbt.ivy.lock to be available...
[2025-09-13 17:40:56] Waiting for lock on /cluster/home/eirikwit/.ivy2/.sbt.ivy.lock to be available...
[2025-09-13 17:40:56] Waiting for lock on /cluster/home/eirikwit/.ivy2/.sbt.ivy.lock to be available...
[2025-09-13 17:40:56] Waiting for lock on /cluster/home/eirikwit/.ivy2/.sbt.ivy.lock to be available...
[2025-09-13 17:40:56] Waiting for lock on /cluster/home/eirikwit/.ivy2/.sbt.ivy.lock to be available...
[2025-09-13 17:40:56] Waiting for lock on /cluster/home/eirikwit/.ivy2/.sbt.ivy.lock to be available...
[2025-09-13 17:40:56] Waiting for lock on /cluster/home/eirikwit/.ivy2/.sbt.ivy.lock to be available...
[2025-09-13 17:40:56] Waiting for lock on /cluster/home/eirikwit/.ivy2/.sbt.ivy.lock to be available...
[2025-09-13 17:40:56] Waiting for lock on /cluster/home/eirikwit/.ivy2/.sbt.ivy.lock to be available...
[2025-09-13 17:40:56] Waiting for lock on /cluster/home/eirikwit/.ivy2/.sbt.ivy.lock to be available...
[2025-09-13 17:40:56] Waiting for lock on /cluster/home/eirikwit/.ivy2/.sbt.ivy.lock to be available...
[2025-09-13 17:40:56] Waiting for lock on /cluster/home/eirikwit/.ivy2/.sbt.ivy.lock to be available...
[2025-09-13 17:40:56] Waiting for lock on /cluster/home/eirikwit/.ivy2/.sbt.ivy.lock to be available...
[2025-09-13 17:40:56] Waiting for lock on /cluster/home/eirikwit/.ivy2/.sbt.ivy.lock to be available...
[2025-09-13 17:40:56] Waiting for lock on /cluster/home/eirikwit/.ivy2/.sbt.ivy.lock to be available...
[2025-09-13 17:40:56] Waiting for lock on /cluster/home/eirikwit/.ivy2/.sbt.ivy.lock to be available...
[2025-09-13 17:40:56] Waiting for lock on /cluster/home/eirikwit/.ivy2/.sbt.ivy.lock to be available...
[2025-09-13 17:40:56] Waiting for lock on /cluster/home/eirikwit/.ivy2/.sbt.ivy.lock to be available...
[2025-09-13 17:40:56] Waiting for lock on /cluster/home/eirikwit/.ivy2/.sbt.ivy.lock to be available...
[2025-09-13 17:40:56] Waiting for lock on /cluster/home/eirikwit/.ivy2/.sbt.ivy.lock to be available...
[2025-09-13 17:40:56] Waiting for lock on /cluster/home/eirikwit/.ivy2/.sbt.ivy.lock to be available...
[2025-09-13 17:40:56] Waiting for lock on /cluster/home/eirikwit/.ivy2/.sbt.ivy.lock to be available...
[2025-09-13 17:40:56] Waiting for lock on /cluster/home/eirikwit/.ivy2/.sbt.ivy.lock to be available...
[2025-09-13 17:40:56] Waiting for lock on /cluster/home/eirikwit/.ivy2/.sbt.ivy.lock to be available...
[2025-09-13 17:40:56] Waiting for lock on /cluster/home/eirikwit/.ivy2/.sbt.ivy.lock to be available...
[2025-09-13 17:40:56] Waiting for lock on /cluster/home/eirikwit/.ivy2/.sbt.ivy.lock to be available...
[2025-09-13 17:40:56] Waiting for lock on /cluster/home/eirikwit/.ivy2/.sbt.ivy.lock to be available...
[2025-09-13 17:40:56] Waiting for lock on /cluster/home/eirikwit/.ivy2/.sbt.ivy.lock to be available...
[2025-09-13 17:40:56] Waiting for lock on /cluster/home/eirikwit/.ivy2/.sbt.ivy.lock to be available...
[2025-09-13 17:40:56] Waiting for lock on /cluster/home/eirikwit/.ivy2/.sbt.ivy.lock to be available...
[2025-09-13 17:40:56] Waiting for lock on /cluster/home/eirikwit/.ivy2/.sbt.ivy.lock to be available...
[2025-09-13 17:40:56] Waiting for lock on /cluster/home/eirikwit/.ivy2/.sbt.ivy.lock to be available...
[2025-09-13 17:40:56] Waiting for lock on /cluster/home/eirikwit/.ivy2/.sbt.ivy.lock to be available...
[2025-09-13 17:40:56] Waiting for lock on /cluster/home/eirikwit/.ivy2/.sbt.ivy.lock to be available...
[2025-09-13 17:40:56] Waiting for lock on /cluster/home/eirikwit/.ivy2/.sbt.ivy.lock to be available...
[2025-09-13 17:40:56] Waiting for lock on /cluster/home/eirikwit/.ivy2/.sbt.ivy.lock to be available...
[2025-09-13 17:40:56] Waiting for lock on /cluster/home/eirikwit/.ivy2/.sbt.ivy.lock to be available...
[2025-09-13 17:40:56] Waiting for lock on /cluster/home/eirikwit/.ivy2/.sbt.ivy.lock to be available...
[2025-09-13 17:40:56] Waiting for lock on /cluster/home/eirikwit/.ivy2/.sbt.ivy.lock to be available...
[2025-09-13 17:40:56] Waiting for lock on /cluster/home/eirikwit/.ivy2/.sbt.ivy.lock to be available...
[2025-09-13 17:40:56] Waiting for lock on /cluster/home/eirikwit/.ivy2/.sbt.ivy.lock to be available...
[2025-09-13 17:40:56] Waiting for lock on /cluster/home/eirikwit/.ivy2/.sbt.ivy.lock to be available...
[2025-09-13 17:40:56] Waiting for lock on /cluster/home/eirikwit/.ivy2/.sbt.ivy.lock to be available...
[2025-09-13 17:40:56] Waiting for lock on /cluster/home/eirikwit/.ivy2/.sbt.ivy.lock to be available...
[2025-09-13 17:40:56] Waiting for lock on /cluster/home/eirikwit/.ivy2/.sbt.ivy.lock to be available...
[2025-09-13 17:40:56] Waiting for lock on /cluster/home/eirikwit/.ivy2/.sbt.ivy.lock to be available...
[2025-09-13 17:40:57] Waiting for lock on /cluster/home/eirikwit/.ivy2/.sbt.ivy.lock to be available...
[2025-09-13 17:40:57] Waiting for lock on /cluster/home/eirikwit/.ivy2/.sbt.ivy.lock to be available...
[2025-09-13 17:40:57] Waiting for lock on /cluster/home/eirikwit/.ivy2/.sbt.ivy.lock to be available...
[2025-09-13 17:40:57] Waiting for lock on /cluster/home/eirikwit/.ivy2/.sbt.ivy.lock to be available...
[2025-09-13 17:40:57] Waiting for lock on /cluster/home/eirikwit/.ivy2/.sbt.ivy.lock to be available...
[2025-09-13 17:40:57] Waiting for lock on /cluster/home/eirikwit/.ivy2/.sbt.ivy.lock to be available...
[2025-09-13 17:40:57] Waiting for lock on /cluster/home/eirikwit/.ivy2/.sbt.ivy.lock to be available...
[2025-09-13 17:40:57] Waiting for lock on /cluster/home/eirikwit/.ivy2/.sbt.ivy.lock to be available...
[2025-09-13 17:40:57] Waiting for lock on /cluster/home/eirikwit/.ivy2/.sbt.ivy.lock to be available...
[2025-09-13 17:40:57] Waiting for lock on /cluster/home/eirikwit/.ivy2/.sbt.ivy.lock to be available...
[2025-09-13 17:40:57] Waiting for lock on /cluster/home/eirikwit/.ivy2/.sbt.ivy.lock to be available...
[2025-09-13 17:41:10] [info] running chipyard.Generator --target-dir /cluster/home/eirikwit/vortex-gpgpu/chipyard/sims/firesim/sim/generated-src/alveo/FireSim-FireSimV4S1C-BaseF1Config1Mem_F25MHz --name firesim.firesim.FireSim.FireSimV4S1C --top-module firesim.firesim.FireSim --legacy-configs firesim.firesim:FireSimV4S1C
[2025-09-13 17:41:17] L2 InclusiveCache Client Map:
[2025-09-13 17:41:17] 	0 <= serial-tl
[2025-09-13 17:41:17] 	1 <= vortex-AXI4-mem-port ID#0
[2025-09-13 17:41:17] 	2 <= vortex-AXI4-mem-port ID#1
[2025-09-13 17:41:17] 	3 <= vortex-AXI4-mem-port ID#2
[2025-09-13 17:41:17] 	4 <= vortex-AXI4-mem-port ID#3
[2025-09-13 17:41:17] 	5 <= vortex-AXI4-mem-port ID#4
[2025-09-13 17:41:17] 	6 <= vortex-AXI4-mem-port ID#5
[2025-09-13 17:41:17] 	7 <= vortex-AXI4-mem-port ID#6
[2025-09-13 17:41:17] 	8 <= vortex-AXI4-mem-port ID#7
[2025-09-13 17:41:17] 
[2025-09-13 17:41:18] make[1]: Entering directory '/cluster/home/eirikwit/vortex-gpgpu/vortex-ntnu/integrations/chipyard/generators_vortex/src/main/resources/vsrc'
[2025-09-13 17:41:18] rm -rf VortexAXIBlackbox.preprocessed.sv preproc
[2025-09-13 17:41:19] mkdir -p preproc
[2025-09-13 17:41:19] cat /cluster/home/eirikwit/vortex-gpgpu/vortex-ntnu/hw/rtl/VX_gpu_pkg.sv /cluster/home/eirikwit/vortex-gpgpu/vortex-ntnu/hw/rtl/fpu/VX_fpu_pkg.sv /cluster/home/eirikwit/vortex-gpgpu/vortex-ntnu/third_party/cvfpu/src/fpnew_pkg.sv /cluster/home/eirikwit/vortex-gpgpu/vortex-ntnu/third_party/cvfpu/src/fpu_div_sqrt_mvp/hdl/defs_div_sqrt_mvp.sv /cluster/home/eirikwit/vortex-gpgpu/vortex-ntnu/third_party/cvfpu/src/common_cells/src/cf_math_pkg.sv /cluster/home/eirikwit/vortex-gpgpu/vortex-ntnu/hw/rtl/Vortex.sv /cluster/home/eirikwit/vortex-gpgpu/vortex-ntnu/hw/rtl/Vortex_axi.sv /cluster/home/eirikwit/vortex-gpgpu/vortex-ntnu/hw/rtl/VX_socket.sv /cluster/home/eirikwit/vortex-gpgpu/vortex-ntnu/hw/rtl/VX_cluster.sv /cluster/home/eirikwit/vortex-gpgpu/vortex-ntnu/hw/rtl/fpu/VX_fp_rounding.sv /cluster/home/eirikwit/vortex-gpgpu/vortex-ntnu/hw/rtl/fpu/VX_fpu_csr_if.sv /cluster/home/eirikwit/vortex-gpgpu/vortex-ntnu/hw/rtl/fpu/VX_fcvt_unit.sv /cluster/home/eirikwit/vortex-gpgpu/vortex-ntnu/hw/rtl/fpu/VX_fpu_fma.sv /cluster/home/eirikwit/vortex-gpgpu/vortex-ntnu/hw/rtl/fpu/VX_fpu_fpnew.sv /cluster/home/eirikwit/vortex-gpgpu/vortex-ntnu/hw/rtl/fpu/VX_fpu_dpi.sv /cluster/home/eirikwit/vortex-gpgpu/vortex-ntnu/hw/rtl/fpu/VX_fpu_ncp.sv /cluster/home/eirikwit/vortex-gpgpu/vortex-ntnu/hw/rtl/fpu/VX_fpu_div.sv /cluster/home/eirikwit/vortex-gpgpu/vortex-ntnu/hw/rtl/fpu/VX_fpu_sqrt.sv /cluster/home/eirikwit/vortex-gpgpu/vortex-ntnu/hw/rtl/fpu/VX_fncp_unit.sv /cluster/home/eirikwit/vortex-gpgpu/vortex-ntnu/hw/rtl/fpu/VX_fpu_dsp.sv /cluster/home/eirikwit/vortex-gpgpu/vortex-ntnu/hw/rtl/fpu/VX_fpu_cvt.sv /cluster/home/eirikwit/vortex-gpgpu/vortex-ntnu/hw/rtl/fpu/VX_fp_classifier.sv /cluster/home/eirikwit/vortex-gpgpu/vortex-ntnu/hw/rtl/cache/VX_cache_wrap.sv /cluster/home/eirikwit/vortex-gpgpu/vortex-ntnu/hw/rtl/cache/VX_cache_tags.sv /cluster/home/eirikwit/vortex-gpgpu/vortex-ntnu/hw/rtl/cache/VX_cache_top.sv /cluster/home/eirikwit/vortex-gpgpu/vortex-ntnu/hw/rtl/cache/VX_cache_bank.sv /cluster/home/eirikwit/vortex-gpgpu/vortex-ntnu/hw/rtl/cache/VX_cache_mshr.sv /cluster/home/eirikwit/vortex-gpgpu/vortex-ntnu/hw/rtl/cache/VX_cache_data.sv /cluster/home/eirikwit/vortex-gpgpu/vortex-ntnu/hw/rtl/cache/VX_cache.sv /cluster/home/eirikwit/vortex-gpgpu/vortex-ntnu/hw/rtl/cache/VX_cache_bypass.sv /cluster/home/eirikwit/vortex-gpgpu/vortex-ntnu/hw/rtl/cache/VX_cache_cluster.sv /cluster/home/eirikwit/vortex-gpgpu/vortex-ntnu/hw/rtl/cache/VX_bank_flush.sv /cluster/home/eirikwit/vortex-gpgpu/vortex-ntnu/hw/rtl/cache/VX_cache_flush.sv /cluster/home/eirikwit/vortex-gpgpu/vortex-ntnu/hw/rtl/cache/VX_cache_repl.sv /cluster/home/eirikwit/vortex-gpgpu/vortex-ntnu/hw/rtl/mem/VX_gbar_arb.sv /cluster/home/eirikwit/vortex-gpgpu/vortex-ntnu/hw/rtl/mem/VX_lsu_mem_arb.sv /cluster/home/eirikwit/vortex-gpgpu/vortex-ntnu/hw/rtl/mem/VX_lmem_switch.sv /cluster/home/eirikwit/vortex-gpgpu/vortex-ntnu/hw/rtl/mem/VX_gbar_bus_if.sv /cluster/home/eirikwit/vortex-gpgpu/vortex-ntnu/hw/rtl/mem/VX_mem_switch.sv /cluster/home/eirikwit/vortex-gpgpu/vortex-ntnu/hw/rtl/mem/VX_mem_bus_if.sv /cluster/home/eirikwit/vortex-gpgpu/vortex-ntnu/hw/rtl/mem/VX_lsu_mem_if.sv /cluster/home/eirikwit/vortex-gpgpu/vortex-ntnu/hw/rtl/mem/VX_local_mem.sv /cluster/home/eirikwit/vortex-gpgpu/vortex-ntnu/hw/rtl/mem/VX_mem_arb.sv /cluster/home/eirikwit/vortex-gpgpu/vortex-ntnu/hw/rtl/mem/VX_lsu_adapter.sv /cluster/home/eirikwit/vortex-gpgpu/vortex-ntnu/hw/rtl/mem/VX_local_mem_top.sv /cluster/home/eirikwit/vortex-gpgpu/vortex-ntnu/hw/rtl/mem/VX_gbar_unit.sv /cluster/home/eirikwit/vortex-gpgpu/vortex-ntnu/hw/rtl/core/VX_decode.sv /cluster/home/eirikwit/vortex-gpgpu/vortex-ntnu/hw/rtl/core/VX_ipdom_stack.sv /cluster/home/eirikwit/vortex-gpgpu/vortex-ntnu/hw/rtl/core/VX_uuid_gen.sv /cluster/home/eirikwit/vortex-gpgpu/vortex-ntnu/hw/rtl/core/VX_issue.sv /cluster/home/eirikwit/vortex-gpgpu/vortex-ntnu/hw/rtl/core/VX_alu_muldiv.sv /cluster/home/eirikwit/vortex-gpgpu/vortex-ntnu/hw/rtl/core/VX_alu_int.sv /cluster/home/eirikwit/vortex-gpgpu/vortex-ntnu/hw/rtl/core/VX_fetch.sv /cluster/home/eirikwit/vortex-gpgpu/vortex-ntnu/hw/rtl/core/VX_csr_data.sv /cluster/home/eirikwit/vortex-gpgpu/vortex-ntnu/hw/rtl/core/VX_schedule.sv /cluster/home/eirikwit/vortex-gpgpu/vortex-ntnu/hw/rtl/core/VX_issue_slice.sv /cluster/home/eirikwit/vortex-gpgpu/vortex-ntnu/hw/rtl/core/VX_dispatch_unit.sv /cluster/home/eirikwit/vortex-gpgpu/vortex-ntnu/hw/rtl/core/VX_ibuffer.sv /cluster/home/eirikwit/vortex-gpgpu/vortex-ntnu/hw/rtl/core/VX_lsu_slice.sv /cluster/home/eirikwit/vortex-gpgpu/vortex-ntnu/hw/rtl/core/VX_wctl_unit.sv /cluster/home/eirikwit/vortex-gpgpu/vortex-ntnu/hw/rtl/core/VX_fpu_unit.sv /cluster/home/eirikwit/vortex-gpgpu/vortex-ntnu/hw/rtl/core/VX_execute.sv /cluster/home/eirikwit/vortex-gpgpu/vortex-ntnu/hw/rtl/core/VX_core.sv /cluster/home/eirikwit/vortex-gpgpu/vortex-ntnu/hw/rtl/core/VX_dcr_data.sv /cluster/home/eirikwit/vortex-gpgpu/vortex-ntnu/hw/rtl/core/VX_scoreboard.sv /cluster/home/eirikwit/vortex-gpgpu/vortex-ntnu/hw/rtl/core/VX_mem_unit.sv /cluster/home/eirikwit/vortex-gpgpu/vortex-ntnu/hw/rtl/core/VX_gather_unit.sv /cluster/home/eirikwit/vortex-gpgpu/vortex-ntnu/hw/rtl/core/VX_alu_unit.sv /cluster/home/eirikwit/vortex-gpgpu/vortex-ntnu/hw/rtl/core/VX_split_join.sv /cluster/home/eirikwit/vortex-gpgpu/vortex-ntnu/hw/rtl/core/VX_operands.sv /cluster/home/eirikwit/vortex-gpgpu/vortex-ntnu/hw/rtl/core/VX_sfu_unit.sv /cluster/home/eirikwit/vortex-gpgpu/vortex-ntnu/hw/rtl/core/VX_csr_unit.sv /cluster/home/eirikwit/vortex-gpgpu/vortex-ntnu/hw/rtl/core/VX_pe_switch.sv /cluster/home/eirikwit/vortex-gpgpu/vortex-ntnu/hw/rtl/core/VX_issue_top.sv /cluster/home/eirikwit/vortex-gpgpu/vortex-ntnu/hw/rtl/core/VX_commit.sv /cluster/home/eirikwit/vortex-gpgpu/vortex-ntnu/hw/rtl/core/VX_core_top.sv /cluster/home/eirikwit/vortex-gpgpu/vortex-ntnu/hw/rtl/core/VX_mem_unit_top.sv /cluster/home/eirikwit/vortex-gpgpu/vortex-ntnu/hw/rtl/core/VX_lsu_unit.sv /cluster/home/eirikwit/vortex-gpgpu/vortex-ntnu/hw/rtl/core/VX_dispatch.sv /cluster/home/eirikwit/vortex-gpgpu/vortex-ntnu/hw/rtl/libs/VX_stream_arb.sv /cluster/home/eirikwit/vortex-gpgpu/vortex-ntnu/hw/rtl/libs/VX_bits_concat.sv /cluster/home/eirikwit/vortex-gpgpu/vortex-ntnu/hw/rtl/libs/VX_transpose.sv /cluster/home/eirikwit/vortex-gpgpu/vortex-ntnu/hw/rtl/libs/VX_avs_adapter.sv /cluster/home/eirikwit/vortex-gpgpu/vortex-ntnu/hw/rtl/libs/VX_stream_pack.sv /cluster/home/eirikwit/vortex-gpgpu/vortex-ntnu/hw/rtl/libs/VX_allocator.sv /cluster/home/eirikwit/vortex-gpgpu/vortex-ntnu/hw/rtl/libs/VX_index_queue.sv /cluster/home/eirikwit/vortex-gpgpu/vortex-ntnu/hw/rtl/libs/VX_bits_insert.sv /cluster/home/eirikwit/vortex-gpgpu/vortex-ntnu/hw/rtl/libs/VX_elastic_buffer.sv /cluster/home/eirikwit/vortex-gpgpu/vortex-ntnu/hw/rtl/libs/VX_bits_remove.sv /cluster/home/eirikwit/vortex-gpgpu/vortex-ntnu/hw/rtl/libs/VX_sp_ram.sv /cluster/home/eirikwit/vortex-gpgpu/vortex-ntnu/hw/rtl/libs/VX_edge_trigger.sv /cluster/home/eirikwit/vortex-gpgpu/vortex-ntnu/hw/rtl/libs/VX_divider.sv /cluster/home/eirikwit/vortex-gpgpu/vortex-ntnu/hw/rtl/libs/VX_serial_mul.sv /cluster/home/eirikwit/vortex-gpgpu/vortex-ntnu/hw/rtl/libs/VX_stream_buffer.sv /cluster/home/eirikwit/vortex-gpgpu/vortex-ntnu/hw/rtl/libs/VX_mem_coalescer.sv /cluster/home/eirikwit/vortex-gpgpu/vortex-ntnu/hw/rtl/libs/VX_shift_register.sv /cluster/home/eirikwit/vortex-gpgpu/vortex-ntnu/hw/rtl/libs/VX_axi_write_ack.sv /cluster/home/eirikwit/vortex-gpgpu/vortex-ntnu/hw/rtl/libs/VX_pe_serializer.sv /cluster/home/eirikwit/vortex-gpgpu/vortex-ntnu/hw/rtl/libs/VX_scope_tap.sv /cluster/home/eirikwit/vortex-gpgpu/vortex-ntnu/hw/rtl/libs/VX_rr_arbiter.sv /cluster/home/eirikwit/vortex-gpgpu/vortex-ntnu/hw/rtl/libs/VX_pending_size.sv /cluster/home/eirikwit/vortex-gpgpu/vortex-ntnu/hw/rtl/libs/VX_pipe_buffer.sv /cluster/home/eirikwit/vortex-gpgpu/vortex-ntnu/hw/rtl/libs/VX_stream_switch.sv /cluster/home/eirikwit/vortex-gpgpu/vortex-ntnu/hw/rtl/libs/VX_index_buffer.sv /cluster/home/eirikwit/vortex-gpgpu/vortex-ntnu/hw/rtl/libs/VX_onehot_mux.sv /cluster/home/eirikwit/vortex-gpgpu/vortex-ntnu/hw/rtl/libs/VX_elastic_adapter.sv /cluster/home/eirikwit/vortex-gpgpu/vortex-ntnu/hw/rtl/libs/VX_toggle_buffer.sv /cluster/home/eirikwit/vortex-gpgpu/vortex-ntnu/hw/rtl/libs/VX_pipe_register.sv /cluster/home/eirikwit/vortex-gpgpu/vortex-ntnu/hw/rtl/libs/VX_lzc.sv /cluster/home/eirikwit/vortex-gpgpu/vortex-ntnu/hw/rtl/libs/VX_skid_buffer.sv /cluster/home/eirikwit/vortex-gpgpu/vortex-ntnu/hw/rtl/libs/VX_axi_adapter.sv /cluster/home/eirikwit/vortex-gpgpu/vortex-ntnu/hw/rtl/libs/VX_stream_omega.sv /cluster/home/eirikwit/vortex-gpgpu/vortex-ntnu/hw/rtl/libs/VX_bypass_buffer.sv /cluster/home/eirikwit/vortex-gpgpu/vortex-ntnu/hw/rtl/libs/VX_reduce_tree.sv /cluster/home/eirikwit/vortex-gpgpu/vortex-ntnu/hw/rtl/libs/VX_scan.sv /cluster/home/eirikwit/vortex-gpgpu/vortex-ntnu/hw/rtl/libs/VX_onehot_shift.sv /cluster/home/eirikwit/vortex-gpgpu/vortex-ntnu/hw/rtl/libs/VX_serial_div.sv /cluster/home/eirikwit/vortex-gpgpu/vortex-ntnu/hw/rtl/libs/VX_reset_relay.sv /cluster/home/eirikwit/vortex-gpgpu/vortex-ntnu/hw/rtl/libs/VX_dp_ram.sv /cluster/home/eirikwit/vortex-gpgpu/vortex-ntnu/hw/rtl/libs/VX_priority_arbiter.sv /cluster/home/eirikwit/vortex-gpgpu/vortex-ntnu/hw/rtl/libs/VX_matrix_arbiter.sv /cluster/home/eirikwit/vortex-gpgpu/vortex-ntnu/hw/rtl/libs/VX_stream_unpack.sv /cluster/home/eirikwit/vortex-gpgpu/vortex-ntnu/hw/rtl/libs/VX_async_ram_patch.sv /cluster/home/eirikwit/vortex-gpgpu/vortex-ntnu/hw/rtl/libs/VX_scope_switch.sv /cluster/home/eirikwit/vortex-gpgpu/vortex-ntnu/hw/rtl/libs/VX_find_first.sv /cluster/home/eirikwit/vortex-gpgpu/vortex-ntnu/hw/rtl/libs/VX_priority_encoder.sv /cluster/home/eirikwit/vortex-gpgpu/vortex-ntnu/hw/rtl/libs/VX_cyclic_arbiter.sv /cluster/home/eirikwit/vortex-gpgpu/vortex-ntnu/hw/rtl/libs/VX_popcount.sv /cluster/home/eirikwit/vortex-gpgpu/vortex-ntnu/hw/rtl/libs/VX_onehot_encoder.sv /cluster/home/eirikwit/vortex-gpgpu/vortex-ntnu/hw/rtl/libs/VX_mem_data_adapter.sv /cluster/home/eirikwit/vortex-gpgpu/vortex-ntnu/hw/rtl/libs/VX_mux.sv /cluster/home/eirikwit/vortex-gpgpu/vortex-ntnu/hw/rtl/libs/VX_demux.sv /cluster/home/eirikwit/vortex-gpgpu/vortex-ntnu/hw/rtl/libs/VX_mem_bank_adapter.sv /cluster/home/eirikwit/vortex-gpgpu/vortex-ntnu/hw/rtl/libs/VX_generic_arbiter.sv /cluster/home/eirikwit/vortex-gpgpu/vortex-ntnu/hw/rtl/libs/VX_placeholder.sv /cluster/home/eirikwit/vortex-gpgpu/vortex-ntnu/hw/rtl/libs/VX_multiplier.sv /cluster/home/eirikwit/vortex-gpgpu/vortex-ntnu/hw/rtl/libs/VX_mem_scheduler.sv /cluster/home/eirikwit/vortex-gpgpu/vortex-ntnu/hw/rtl/libs/VX_stream_xbar.sv /cluster/home/eirikwit/vortex-gpgpu/vortex-ntnu/hw/rtl/libs/VX_fifo_queue.sv /cluster/home/eirikwit/vortex-gpgpu/vortex-ntnu/hw/rtl/interfaces/VX_commit_if.sv /cluster/home/eirikwit/vortex-gpgpu/vortex-ntnu/hw/rtl/interfaces/VX_ibuffer_if.sv /cluster/home/eirikwit/vortex-gpgpu/vortex-ntnu/hw/rtl/interfaces/VX_scoreboard_if.sv /cluster/home/eirikwit/vortex-gpgpu/vortex-ntnu/hw/rtl/interfaces/VX_operands_if.sv /cluster/home/eirikwit/vortex-gpgpu/vortex-ntnu/hw/rtl/interfaces/VX_dispatch_if.sv /cluster/home/eirikwit/vortex-gpgpu/vortex-ntnu/hw/rtl/interfaces/VX_sched_csr_if.sv /cluster/home/eirikwit/vortex-gpgpu/vortex-ntnu/hw/rtl/interfaces/VX_warp_ctl_if.sv /cluster/home/eirikwit/vortex-gpgpu/vortex-ntnu/hw/rtl/interfaces/VX_schedule_if.sv /cluster/home/eirikwit/vortex-gpgpu/vortex-ntnu/hw/rtl/interfaces/VX_fetch_if.sv /cluster/home/eirikwit/vortex-gpgpu/vortex-ntnu/hw/rtl/interfaces/VX_commit_csr_if.sv /cluster/home/eirikwit/vortex-gpgpu/vortex-ntnu/hw/rtl/interfaces/VX_commit_sched_if.sv /cluster/home/eirikwit/vortex-gpgpu/vortex-ntnu/hw/rtl/interfaces/VX_execute_if.sv /cluster/home/eirikwit/vortex-gpgpu/vortex-ntnu/hw/rtl/interfaces/VX_decode_sched_if.sv /cluster/home/eirikwit/vortex-gpgpu/vortex-ntnu/hw/rtl/interfaces/VX_branch_ctl_if.sv /cluster/home/eirikwit/vortex-gpgpu/vortex-ntnu/hw/rtl/interfaces/VX_dcr_bus_if.sv /cluster/home/eirikwit/vortex-gpgpu/vortex-ntnu/hw/rtl/interfaces/VX_writeback_if.sv /cluster/home/eirikwit/vortex-gpgpu/vortex-ntnu/hw/rtl/interfaces/VX_decode_if.sv /cluster/home/eirikwit/vortex-gpgpu/vortex-ntnu/third_party/cvfpu/src/fpnew_classifier.sv /cluster/home/eirikwit/vortex-gpgpu/vortex-ntnu/third_party/cvfpu/src/fpnew_fma_multi.sv /cluster/home/eirikwit/vortex-gpgpu/vortex-ntnu/third_party/cvfpu/src/fpnew_rounding.sv /cluster/home/eirikwit/vortex-gpgpu/vortex-ntnu/third_party/cvfpu/src/fpnew_divsqrt_multi.sv /cluster/home/eirikwit/vortex-gpgpu/vortex-ntnu/third_party/cvfpu/src/fpnew_opgroup_multifmt_slice.sv /cluster/home/eirikwit/vortex-gpgpu/vortex-ntnu/third_party/cvfpu/src/fpnew_noncomp.sv /cluster/home/eirikwit/vortex-gpgpu/vortex-ntnu/third_party/cvfpu/src/fpnew_cast_multi.sv /cluster/home/eirikwit/vortex-gpgpu/vortex-ntnu/third_party/cvfpu/src/fpnew_divsqrt_th_64_multi.sv /cluster/home/eirikwit/vortex-gpgpu/vortex-ntnu/third_party/cvfpu/src/fpnew_opgroup_block.sv /cluster/home/eirikwit/vortex-gpgpu/vortex-ntnu/third_party/cvfpu/src/fpnew_divsqrt_th_32.sv /cluster/home/eirikwit/vortex-gpgpu/vortex-ntnu/third_party/cvfpu/src/fpnew_fma.sv /cluster/home/eirikwit/vortex-gpgpu/vortex-ntnu/third_party/cvfpu/src/fpnew_opgroup_fmt_slice.sv /cluster/home/eirikwit/vortex-gpgpu/vortex-ntnu/third_party/cvfpu/src/fpnew_top.sv /cluster/home/eirikwit/vortex-gpgpu/vortex-ntnu/third_party/cvfpu/src/fpu_div_sqrt_mvp/hdl/div_sqrt_mvp_wrapper.sv /cluster/home/eirikwit/vortex-gpgpu/vortex-ntnu/third_party/cvfpu/src/fpu_div_sqrt_mvp/hdl/iteration_div_sqrt_mvp.sv /cluster/home/eirikwit/vortex-gpgpu/vortex-ntnu/third_party/cvfpu/src/fpu_div_sqrt_mvp/hdl/control_mvp.sv /cluster/home/eirikwit/vortex-gpgpu/vortex-ntnu/third_party/cvfpu/src/fpu_div_sqrt_mvp/hdl/norm_div_sqrt_mvp.sv /cluster/home/eirikwit/vortex-gpgpu/vortex-ntnu/third_party/cvfpu/src/fpu_div_sqrt_mvp/hdl/nrbd_nrsc_mvp.sv /cluster/home/eirikwit/vortex-gpgpu/vortex-ntnu/third_party/cvfpu/src/fpu_div_sqrt_mvp/hdl/preprocess_mvp.sv /cluster/home/eirikwit/vortex-gpgpu/vortex-ntnu/third_party/cvfpu/src/fpu_div_sqrt_mvp/hdl/div_sqrt_top_mvp.sv /cluster/home/eirikwit/vortex-gpgpu/vortex-ntnu/third_party/cvfpu/src/common_cells/src/lzc.sv /cluster/home/eirikwit/vortex-gpgpu/vortex-ntnu/third_party/cvfpu/src/common_cells/src/rr_arb_tree.sv /cluster/home/eirikwit/vortex-gpgpu/vortex-ntnu/third_party/cvfpu/vendor/opene906/E906_RTL_FACTORY/gen_rtl/fpu/rtl/pa_fpu_frbus.v /cluster/home/eirikwit/vortex-gpgpu/vortex-ntnu/third_party/cvfpu/vendor/opene906/E906_RTL_FACTORY/gen_rtl/fpu/rtl/pa_fpu_src_type.v /cluster/home/eirikwit/vortex-gpgpu/vortex-ntnu/third_party/cvfpu/vendor/opene906/E906_RTL_FACTORY/gen_rtl/fpu/rtl/pa_fpu_dp.v /cluster/home/eirikwit/vortex-gpgpu/vortex-ntnu/third_party/cvfpu/vendor/opene906/E906_RTL_FACTORY/gen_rtl/clk/rtl/gated_clk_cell.v /cluster/home/eirikwit/vortex-gpgpu/vortex-ntnu/third_party/cvfpu/vendor/opene906/E906_RTL_FACTORY/gen_rtl/fdsu/rtl/pa_fdsu_special.v /cluster/home/eirikwit/vortex-gpgpu/vortex-ntnu/third_party/cvfpu/vendor/opene906/E906_RTL_FACTORY/gen_rtl/fdsu/rtl/pa_fdsu_ctrl.v /cluster/home/eirikwit/vortex-gpgpu/vortex-ntnu/third_party/cvfpu/vendor/opene906/E906_RTL_FACTORY/gen_rtl/fdsu/rtl/pa_fdsu_top.v /cluster/home/eirikwit/vortex-gpgpu/vortex-ntnu/third_party/cvfpu/vendor/opene906/E906_RTL_FACTORY/gen_rtl/fdsu/rtl/pa_fdsu_ff1.v /cluster/home/eirikwit/vortex-gpgpu/vortex-ntnu/third_party/cvfpu/vendor/opene906/E906_RTL_FACTORY/gen_rtl/fdsu/rtl/pa_fdsu_pack_single.v /cluster/home/eirikwit/vortex-gpgpu/vortex-ntnu/third_party/cvfpu/vendor/opene906/E906_RTL_FACTORY/gen_rtl/fdsu/rtl/pa_fdsu_prepare.v /cluster/home/eirikwit/vortex-gpgpu/vortex-ntnu/third_party/cvfpu/vendor/opene906/E906_RTL_FACTORY/gen_rtl/fdsu/rtl/pa_fdsu_round_single.v /cluster/home/eirikwit/vortex-gpgpu/vortex-ntnu/third_party/cvfpu/vendor/opene906/E906_RTL_FACTORY/gen_rtl/fdsu/rtl/pa_fdsu_srt_single.v /cluster/home/eirikwit/vortex-gpgpu/vortex-ntnu/third_party/cvfpu/vendor/openc910/C910_RTL_FACTORY/gen_rtl/vfdsu/rtl/ct_vfdsu_pack.v /cluster/home/eirikwit/vortex-gpgpu/vortex-ntnu/third_party/cvfpu/vendor/openc910/C910_RTL_FACTORY/gen_rtl/vfdsu/rtl/ct_vfdsu_scalar_dp.v /cluster/home/eirikwit/vortex-gpgpu/vortex-ntnu/third_party/cvfpu/vendor/openc910/C910_RTL_FACTORY/gen_rtl/vfdsu/rtl/ct_vfdsu_prepare.v /cluster/home/eirikwit/vortex-gpgpu/vortex-ntnu/third_party/cvfpu/vendor/openc910/C910_RTL_FACTORY/gen_rtl/vfdsu/rtl/ct_vfdsu_srt.v /cluster/home/eirikwit/vortex-gpgpu/vortex-ntnu/third_party/cvfpu/vendor/openc910/C910_RTL_FACTORY/gen_rtl/vfdsu/rtl/ct_vfdsu_srt_radix16_bound_table.v /cluster/home/eirikwit/vortex-gpgpu/vortex-ntnu/third_party/cvfpu/vendor/openc910/C910_RTL_FACTORY/gen_rtl/vfdsu/rtl/ct_vfdsu_ff1.v /cluster/home/eirikwit/vortex-gpgpu/vortex-ntnu/third_party/cvfpu/vendor/openc910/C910_RTL_FACTORY/gen_rtl/vfdsu/rtl/ct_vfdsu_round.v /cluster/home/eirikwit/vortex-gpgpu/vortex-ntnu/third_party/cvfpu/vendor/openc910/C910_RTL_FACTORY/gen_rtl/vfdsu/rtl/ct_vfdsu_double.v /cluster/home/eirikwit/vortex-gpgpu/vortex-ntnu/third_party/cvfpu/vendor/openc910/C910_RTL_FACTORY/gen_rtl/vfdsu/rtl/ct_vfdsu_srt_radix16_with_sqrt.v /cluster/home/eirikwit/vortex-gpgpu/vortex-ntnu/third_party/cvfpu/vendor/openc910/C910_RTL_FACTORY/gen_rtl/vfdsu/rtl/ct_vfdsu_ctrl.v /cluster/home/eirikwit/vortex-gpgpu/vortex-ntnu/third_party/cvfpu/vendor/openc910/C910_RTL_FACTORY/gen_rtl/vfdsu/rtl/ct_vfdsu_top.v /cluster/home/eirikwit/vortex-gpgpu/chipyard/generators/vortex/src/main/resources/vsrc/VortexAXIBlackbox.sv > preproc/concatenated_preproc.sv
[2025-09-13 17:41:21] LC_ALL=C /cluster/home/eirikwit/vortex-gpgpu/chipyard/.conda-env/bin/verilator --cc -DNUM_CLUSTERS=1 -DNUM_CORES=4 -DNUM_WARPS=4 -DNUM_THREADS=4 -DSTARTUP_ADDR="32'h80000000"  -DL2_ENABLE -DL3_ENABLE -DPERF_ENABLE -DVIVADO -DSYNTHESIS -DFPU_FPNEW -E -I/cluster/home/eirikwit/vortex-gpgpu/vortex-ntnu/hw/rtl -I/cluster/home/eirikwit/vortex-gpgpu/vortex-ntnu/hw/rtl/fpu -I/cluster/home/eirikwit/vortex-gpgpu/vortex-ntnu/hw/rtl/cache -I/cluster/home/eirikwit/vortex-gpgpu/vortex-ntnu/hw/rtl/mem -I/cluster/home/eirikwit/vortex-gpgpu/vortex-ntnu/hw/rtl/core -I/cluster/home/eirikwit/vortex-gpgpu/vortex-ntnu/hw/rtl/libs -I/cluster/home/eirikwit/vortex-gpgpu/vortex-ntnu/hw/rtl/interfaces -I/cluster/home/eirikwit/vortex-gpgpu/vortex-ntnu/hw/dpi -I/cluster/home/eirikwit/vortex-gpgpu/vortex-ntnu/third_party/cvfpu/src -I/cluster/home/eirikwit/vortex-gpgpu/vortex-ntnu/third_party/cvfpu/src/fpu_div_sqrt_mvp/hdl -I/cluster/home/eirikwit/vortex-gpgpu/vortex-ntnu/third_party/cvfpu/src/common_cells/include/common_cells -I/cluster/home/eirikwit/vortex-gpgpu/vortex-ntnu/third_party/cvfpu/src/common_cells/src -I/cluster/home/eirikwit/vortex-gpgpu/vortex-ntnu/third_party/cvfpu/src/common_cells/include -I/cluster/home/eirikwit/vortex-gpgpu/vortex-ntnu/third_party/cvfpu/vendor/opene906/E906_RTL_FACTORY/gen_rtl/fpu/rtl -I/cluster/home/eirikwit/vortex-gpgpu/vortex-ntnu/third_party/cvfpu/vendor/opene906/E906_RTL_FACTORY/gen_rtl/clk/rtl -I/cluster/home/eirikwit/vortex-gpgpu/vortex-ntnu/third_party/cvfpu/vendor/opene906/E906_RTL_FACTORY/gen_rtl/fdsu/rtl -I/cluster/home/eirikwit/vortex-gpgpu/vortex-ntnu/third_party/cvfpu/vendor/openc910/C910_RTL_FACTORY/gen_rtl/vfdsu/rtl preproc/concatenated_preproc.sv > VortexAXIBlackbox.preprocessed.sv
[2025-09-13 17:41:24] make[1]: Leaving directory '/cluster/home/eirikwit/vortex-gpgpu/vortex-ntnu/integrations/chipyard/generators_vortex/src/main/resources/vsrc'
[2025-09-13 17:41:24] Interrupt map (1 harts 1 interrupts):
[2025-09-13 17:41:24]   [1, 1] => uart_0
[2025-09-13 17:41:24] 
[2025-09-13 17:41:24] <stdin>:103.26-108.5: Warning (simple_bus_reg): /soc/subsystem_l2_clock: missing or empty reg/ranges property
[2025-09-13 17:41:24] <stdin>:109.28-114.5: Warning (simple_bus_reg): /soc/subsystem_mbus_clock: missing or empty reg/ranges property
[2025-09-13 17:41:24] <stdin>:115.28-120.5: Warning (simple_bus_reg): /soc/subsystem_pbus_clock: missing or empty reg/ranges property
[2025-09-13 17:41:24] <stdin>:121.28-126.5: Warning (simple_bus_reg): /soc/subsystem_sbus_clock: missing or empty reg/ranges property
[2025-09-13 17:41:24] <stdin>:25.29-29.6: Warning (interrupt_provider): /cpus/cpu@0/interrupt-controller: Missing #address-cells in interrupt provider
[2025-09-13 17:41:24] <stdin>:74.36-83.5: Warning (interrupt_provider): /soc/interrupt-controller@c000000: Missing #address-cells in interrupt provider
[2025-09-13 17:41:24] Clock subsystem_sbus_0: using diplomatically specified frequency of 1000.0.
[2025-09-13 17:41:24] Clock subsystem_sbus_1: using diplomatically specified frequency of 1000.0.
[2025-09-13 17:41:24] Clock subsystem_pbus_0: using diplomatically specified frequency of 1000.0.
[2025-09-13 17:41:24] Clock subsystem_mbus_0: using diplomatically specified frequency of 1000.0.
[2025-09-13 17:41:24] /dts-v1/;
[2025-09-13 17:41:24] 
[2025-09-13 17:41:24] / {
[2025-09-13 17:41:24] 	#address-cells = <1>;
[2025-09-13 17:41:24] 	#size-cells = <1>;
[2025-09-13 17:41:24] 	compatible = "freechips,rocketchip-unknown-dev";
[2025-09-13 17:41:24] 	model = "freechips,rocketchip-unknown";
[2025-09-13 17:41:24] 	L25: aliases {
[2025-09-13 17:41:24] 		serial0 = &L18;
[2025-09-13 17:41:24] 	};
[2025-09-13 17:41:24] 	L24: cpus {
[2025-09-13 17:41:24] 		#address-cells = <1>;
[2025-09-13 17:41:24] 		#size-cells = <0>;
[2025-09-13 17:41:24] 		timebase-frequency = <1000000>;
[2025-09-13 17:41:24] 		L7: cpu@0 {
[2025-09-13 17:41:24] 			clock-frequency = <1700000000>;
[2025-09-13 17:41:24] 			compatible = "ntnu,vortex", "riscv";
[2025-09-13 17:41:24] 			device_type = "cpu";
[2025-09-13 17:41:24] 			hardware-exec-breakpoint-count = <0>;
[2025-09-13 17:41:24] 			next-level-cache = <&L5>;
[2025-09-13 17:41:24] 			reg = <0x0>;
[2025-09-13 17:41:24] 			riscv,isa = "rv32emfd";
[2025-09-13 17:41:24] 			status = "okay";
[2025-09-13 17:41:24] 			timebase-frequency = <1000000>;
[2025-09-13 17:41:24] 			L6: interrupt-controller {
[2025-09-13 17:41:24] 				#interrupt-cells = <1>;
[2025-09-13 17:41:24] 				compatible = "riscv,cpu-intc";
[2025-09-13 17:41:24] 				interrupt-controller;
[2025-09-13 17:41:24] 			};
[2025-09-13 17:41:24] 		};
[2025-09-13 17:41:24] 	};
[2025-09-13 17:41:24] 	L26: htif {
[2025-09-13 17:41:24] 		compatible = "ucb,htif0";
[2025-09-13 17:41:24] 	};
[2025-09-13 17:41:24] 	L12: memory@70000000 {
[2025-09-13 17:41:24] 		device_type = "memory";
[2025-09-13 17:41:24] 		reg = <0x70000000 0x80000000>;
[2025-09-13 17:41:24] 	};
[2025-09-13 17:41:24] 	L23: soc {
[2025-09-13 17:41:24] 		#address-cells = <1>;
[2025-09-13 17:41:24] 		#size-cells = <1>;
[2025-09-13 17:41:24] 		compatible = "freechips,rocketchip-unknown-soc", "simple-bus";
[2025-09-13 17:41:24] 		ranges;
[2025-09-13 17:41:24] 		L15: boot-address-reg@4000 {
[2025-09-13 17:41:24] 			reg = <0x4000 0x1000>;
[2025-09-13 17:41:24] 			reg-names = "control";
[2025-09-13 17:41:24] 		};
[2025-09-13 17:41:24] 		L5: cache-controller@2010000 {
[2025-09-13 17:41:24] 			cache-block-size = <64>;
[2025-09-13 17:41:24] 			cache-level = <2>;
[2025-09-13 17:41:24] 			cache-sets = <1024>;
[2025-09-13 17:41:24] 			cache-size = <524288>;
[2025-09-13 17:41:24] 			cache-unified;
[2025-09-13 17:41:24] 			compatible = "sifive,inclusivecache0", "cache";
[2025-09-13 17:41:24] 			next-level-cache = <&L12 &L16 &L17>;
[2025-09-13 17:41:24] 			reg = <0x2010000 0x1000>;
[2025-09-13 17:41:24] 			reg-names = "control";
[2025-09-13 17:41:24] 			sifive,mshr-count = <5>;
[2025-09-13 17:41:24] 		};
[2025-09-13 17:41:24] 		L9: clint@2000000 {
[2025-09-13 17:41:24] 			compatible = "riscv,clint0";
[2025-09-13 17:41:24] 			interrupts-extended = <&L6 3 &L6 7>;
[2025-09-13 17:41:24] 			reg = <0x2000000 0x10000>;
[2025-09-13 17:41:24] 			reg-names = "control";
[2025-09-13 17:41:24] 		};
[2025-09-13 17:41:24] 		L19: clock-gater@100000 {
[2025-09-13 17:41:24] 			reg = <0x100000 0x1000>;
[2025-09-13 17:41:24] 			reg-names = "control";
[2025-09-13 17:41:24] 		};
[2025-09-13 17:41:24] 		L2: error-device@3000 {
[2025-09-13 17:41:24] 			compatible = "sifive,error0";
[2025-09-13 17:41:24] 			reg = <0x3000 0x1000>;
[2025-09-13 17:41:24] 		};
[2025-09-13 17:41:24] 		L8: interrupt-controller@c000000 {
[2025-09-13 17:41:24] 			#interrupt-cells = <1>;
[2025-09-13 17:41:24] 			compatible = "riscv,plic0";
[2025-09-13 17:41:24] 			interrupt-controller;
[2025-09-13 17:41:24] 			interrupts-extended = <&L6 11>;
[2025-09-13 17:41:24] 			reg = <0xc000000 0x4000000>;
[2025-09-13 17:41:24] 			reg-names = "control";
[2025-09-13 17:41:24] 			riscv,max-priority = <1>;
[2025-09-13 17:41:24] 			riscv,ndev = <1>;
[2025-09-13 17:41:24] 		};
[2025-09-13 17:41:24] 		L16: lbwif-ram@10000000 {
[2025-09-13 17:41:24] 			reg = <0x10000000 0x1000>;
[2025-09-13 17:41:24] 		};
[2025-09-13 17:41:24] 		L17: lbwif-rom@20000 {
[2025-09-13 17:41:24] 			reg = <0x20000 0x10000>;
[2025-09-13 17:41:24] 		};
[2025-09-13 17:41:24] 		L14: rom@10000 {
[2025-09-13 17:41:24] 			compatible = "sifive,rom0";
[2025-09-13 17:41:24] 			reg = <0x10000 0x10000>;
[2025-09-13 17:41:24] 			reg-names = "mem";
[2025-09-13 17:41:24] 		};
[2025-09-13 17:41:24] 		L18: serial@54000000 {
[2025-09-13 17:41:24] 			clocks = <&L1>;
[2025-09-13 17:41:24] 			compatible = "sifive,uart0";
[2025-09-13 17:41:24] 			interrupt-parent = <&L8>;
[2025-09-13 17:41:24] 			interrupts = <1>;
[2025-09-13 17:41:24] 			reg = <0x54000000 0x1000>;
[2025-09-13 17:41:24] 			reg-names = "control";
[2025-09-13 17:41:24] 		};
[2025-09-13 17:41:24] 		L4: subsystem_l2_clock {
[2025-09-13 17:41:24] 			#clock-cells = <0>;
[2025-09-13 17:41:24] 			clock-frequency = <1000000000>;
[2025-09-13 17:41:24] 			clock-output-names = "subsystem_l2_clock";
[2025-09-13 17:41:24] 			compatible = "fixed-clock";
[2025-09-13 17:41:24] 		};
[2025-09-13 17:41:24] 		L3: subsystem_mbus_clock {
[2025-09-13 17:41:24] 			#clock-cells = <0>;
[2025-09-13 17:41:24] 			clock-frequency = <1000000000>;
[2025-09-13 17:41:25] 			clock-output-names = "subsystem_mbus_clock";
[2025-09-13 17:41:25] 			compatible = "fixed-clock";
[2025-09-13 17:41:25] 		};
[2025-09-13 17:41:25] 		L1: subsystem_pbus_clock {
[2025-09-13 17:41:25] 			#clock-cells = <0>;
[2025-09-13 17:41:25] 			clock-frequency = <1000000000>;
[2025-09-13 17:41:25] 			clock-output-names = "subsystem_pbus_clock";
[2025-09-13 17:41:25] 			compatible = "fixed-clock";
[2025-09-13 17:41:25] 		};
[2025-09-13 17:41:25] 		L0: subsystem_sbus_clock {
[2025-09-13 17:41:25] 			#clock-cells = <0>;
[2025-09-13 17:41:25] 			clock-frequency = <1000000000>;
[2025-09-13 17:41:25] 			clock-output-names = "subsystem_sbus_clock";
[2025-09-13 17:41:25] 			compatible = "fixed-clock";
[2025-09-13 17:41:25] 		};
[2025-09-13 17:41:25] 		L20: tile-reset-setter@110000 {
[2025-09-13 17:41:25] 			reg = <0x110000 0x1000>;
[2025-09-13 17:41:25] 			reg-names = "control";
[2025-09-13 17:41:25] 		};
[2025-09-13 17:41:25] 		L21: vortex_control_signals@1000 {
[2025-09-13 17:41:25] 			compatible = "ntnu,vcs";
[2025-09-13 17:41:25] 			reg = <0x1000 0x1000>;
[2025-09-13 17:41:25] 			reg-names = "control";
[2025-09-13 17:41:25] 		};
[2025-09-13 17:41:25] 	};
[2025-09-13 17:41:25] };
[2025-09-13 17:41:25] 
[2025-09-13 17:41:25] Generated Address Map
[2025-09-13 17:41:25] 	    1000 -     2000 ARW   vortex_control_signals@1000
[2025-09-13 17:41:25] 	    3000 -     4000 ARWX  error-device@3000
[2025-09-13 17:41:25] 	    4000 -     5000 ARW   boot-address-reg@4000
[2025-09-13 17:41:25] 	   10000 -    20000  R X  rom@10000
[2025-09-13 17:41:25] 	   20000 -    30000  R XC lbwif-rom@20000
[2025-09-13 17:41:25] 	  100000 -   101000 ARW   clock-gater@100000
[2025-09-13 17:41:25] 	  110000 -   111000 ARW   tile-reset-setter@110000
[2025-09-13 17:41:25] 	 2000000 -  2010000 ARW   clint@2000000
[2025-09-13 17:41:25] 	 2010000 -  2011000 ARW   cache-controller@2010000
[2025-09-13 17:41:25] 	 c000000 - 10000000 ARW   interrupt-controller@c000000
[2025-09-13 17:41:25] 	10000000 - 10001000 ARWXC lbwif-ram@10000000
[2025-09-13 17:41:25] 	54000000 - 54001000 ARW   serial@54000000
[2025-09-13 17:41:25] 	70000000 - f0000000 ARWXC memory@70000000
[2025-09-13 17:41:25] 
[2025-09-13 17:41:25] 
[2025-09-13 17:41:25] firesimBuildTopClockGenerator Frequency Summary
[2025-09-13 17:41:25]   Input Reference Frequency: 1000.0 MHz
[2025-09-13 17:41:25]   Output clock subsystem_sbus_0, requested: 1000.0 MHz, actual: 1000.0 MHz (division of 1)
[2025-09-13 17:41:25]   Output clock subsystem_sbus_1, requested: 1000.0 MHz, actual: 1000.0 MHz (division of 1)
[2025-09-13 17:41:25]   Output clock subsystem_pbus_0, requested: 1000.0 MHz, actual: 1000.0 MHz (division of 1)
[2025-09-13 17:41:25]   Output clock subsystem_fbus_0, requested: 1000.0 MHz, actual: 1000.0 MHz (division of 1)
[2025-09-13 17:41:25]   Output clock subsystem_mbus_0, requested: 1000.0 MHz, actual: 1000.0 MHz (division of 1)
[2025-09-13 17:41:25]   Output clock subsystem_cbus_0, requested: 1000.0 MHz, actual: 1000.0 MHz (division of 1)
[2025-09-13 17:41:25]   Output clock implicit_clock, requested: 1000.0 MHz, actual: 1000.0 MHz (division of 1)
[2025-09-13 17:41:25] 
[2025-09-13 17:41:25] firesimOverallClockBridge Frequency Summary
[2025-09-13 17:41:25]   Input Reference Frequency: 1000.0 MHz
[2025-09-13 17:41:25]   Output clock buildtop_reference_clock, requested: 1000.0 MHz, actual: 1000.0 MHz (division of 1)
[2025-09-13 17:41:25]   Output clock implicit_clock, requested: 1000.0 MHz, actual: 1000.0 MHz (division of 1)
[2025-09-13 17:41:26] [success] Total time: 30 s, completed 13 Sept 2025, 17:41:26
[2025-09-13 17:41:26] cd /cluster/home/eirikwit/vortex-gpgpu/chipyard && java -jar /cluster/home/eirikwit/vortex-gpgpu/chipyard/generators/rocket-chip/sbt-launch.jar  ";project firechip; runMain midas.stage.GoldenGateMain  -i /cluster/home/eirikwit/vortex-gpgpu/chipyard/sims/firesim/sim/generated-src/alveo/FireSim-FireSimV4S1C-BaseF1Config1Mem_F25MHz/firesim.firesim.FireSim.FireSimV4S1C.fir -td /cluster/home/eirikwit/vortex-gpgpu/chipyard/sims/firesim/sim/generated-src/alveo/FireSim-FireSimV4S1C-BaseF1Config1Mem_F25MHz -faf /cluster/home/eirikwit/vortex-gpgpu/chipyard/sims/firesim/sim/generated-src/alveo/FireSim-FireSimV4S1C-BaseF1Config1Mem_F25MHz/firesim.firesim.FireSim.FireSimV4S1C.anno.json -ggcp firesim.firesim -ggcs BaseF1Config1Mem_F25MHz --output-filename-base FireSim-generated --no-dedup "
[2025-09-13 17:41:26] Picked up JAVA_TOOL_OPTIONS: -Xmx128G -Xss8M -Djava.io.tmpdir=/cluster/home/eirikwit/vortex-gpgpu/chipyard/.java_tmp
[2025-09-13 17:41:26] Waiting for lock on /cluster/home/eirikwit/.sbt/boot/sbt.boot.lock to be available...
[2025-09-13 17:41:27] make: *** [target-agnostic.mk:89: /cluster/home/eirikwit/vortex-gpgpu/chipyard/sims/firesim/sim/generated-src/alveo/FireSim-FireSimV4S1C-BaseF1Config1Mem_F25MHz/FireSim-generated.sv.intermediate] Error 2
