[2025-09-12 22:12:51] Running with RISCV=/cluster/home/eirikwit/vortex-gpgpu/chipyard/.conda-env/riscv-tools
[2025-09-12 22:12:53] mkdir -p /cluster/home/eirikwit/vortex-gpgpu/chipyard/sims/firesim/sim/generated-src/alveo/FireSim-FireSimV16S2C0L3-BaseF1Config1Mem_F25MHz
[2025-09-12 22:12:53] cd /cluster/home/eirikwit/vortex-gpgpu/chipyard && java -jar /cluster/home/eirikwit/vortex-gpgpu/chipyard/generators/rocket-chip/sbt-launch.jar  ";project firechip; runMain chipyard.Generator  --target-dir /cluster/home/eirikwit/vortex-gpgpu/chipyard/sims/firesim/sim/generated-src/alveo/FireSim-FireSimV16S2C0L3-BaseF1Config1Mem_F25MHz --name firesim.firesim.FireSim.FireSimV16S2C0L3 --top-module firesim.firesim.FireSim --legacy-configs firesim.firesim:FireSimV16S2C0L3"
[2025-09-12 22:12:53] Picked up JAVA_TOOL_OPTIONS: -Xmx128G -Xss8M -Djava.io.tmpdir=/cluster/home/eirikwit/vortex-gpgpu/chipyard/.java_tmp
[2025-09-12 22:12:53] WARNING: A terminally deprecated method in java.lang.System has been called
[2025-09-12 22:12:53] WARNING: System::setSecurityManager has been called by sbt.TrapExit$ (file:/cluster/home/eirikwit/.sbt/boot/scala-2.12.14/org.scala-sbt/sbt/1.5.5/run_2.12-1.5.5.jar)
[2025-09-12 22:12:53] WARNING: Please consider reporting this to the maintainers of sbt.TrapExit$
[2025-09-12 22:12:53] WARNING: System::setSecurityManager will be removed in a future release
[2025-09-12 22:12:54] [info] welcome to sbt 1.5.5 (N/A Java 17.0.3-internal)
[2025-09-12 22:12:54] [info] loading project definition from /cluster/home/eirikwit/vortex-gpgpu/chipyard/project/project/project
[2025-09-12 22:12:55] [info] loading project definition from /cluster/home/eirikwit/vortex-gpgpu/chipyard/project/project
[2025-09-12 22:12:55] [info] loading settings for project chipyard-build from plugins.sbt ...
[2025-09-12 22:12:55] [info] loading project definition from /cluster/home/eirikwit/vortex-gpgpu/chipyard/project
[2025-09-12 22:12:56] [info] loading settings for project chipyardRoot from build.sbt ...
[2025-09-12 22:12:56] [info] loading settings for project hardfloat from build.sbt ...
[2025-09-12 22:12:56] [info] loading settings for project rocketConfig from build.sbt ...
[2025-09-12 22:12:56] [info] loading settings for project testchipip from build.sbt ...
[2025-09-12 22:12:56] [info] loading settings for project constellation from build.sbt ...
[2025-09-12 22:12:56] [info] loading settings for project icenet from build.sbt ...
[2025-09-12 22:12:56] [info] loading settings for project hwacha from build.sbt ...
[2025-09-12 22:12:56] [info] loading settings for project boom from build.sbt ...
[2025-09-12 22:12:56] [info] loading settings for project cva6 from build.sbt ...
[2025-09-12 22:12:56] [info] loading settings for project ibex from build.sbt ...
[2025-09-12 22:12:56] [info] loading settings for project sodor from build.sbt ...
[2025-09-12 22:12:56] [info] loading settings for project gemmini from build.sbt ...
[2025-09-12 22:12:56] [info] loading settings for project tapeout from build.sbt ...
[2025-09-12 22:12:56] [info] loading settings for project vortex from build.sbt ...
[2025-09-12 22:12:56] [info] loading settings for project sim-build from plugins.sbt ...
[2025-09-12 22:12:56] [info] loading project definition from /cluster/home/eirikwit/vortex-gpgpu/chipyard/sims/firesim/sim/project
[2025-09-12 22:12:57] [info] loading settings for project firesim from build.sbt ...
[2025-09-12 22:12:57] [info] loading settings for project targetutils from build.sbt ...
[2025-09-12 22:12:57] [info] loading settings for project midas from build.sbt ...
[2025-09-12 22:12:57] [info] resolving key references (37744 settings) ...
[2025-09-12 22:13:05] [info] set current project to chipyardRoot (in build file:/cluster/home/eirikwit/vortex-gpgpu/chipyard/)
[2025-09-12 22:13:05] [info] set current project to firechip (in build file:/cluster/home/eirikwit/vortex-gpgpu/chipyard/)
[2025-09-12 22:13:05] Waiting for lock on /cluster/home/eirikwit/.ivy2/.sbt.ivy.lock to be available...
[2025-09-12 22:13:05] Waiting for lock on /cluster/home/eirikwit/.ivy2/.sbt.ivy.lock to be available...
[2025-09-12 22:13:05] Waiting for lock on /cluster/home/eirikwit/.ivy2/.sbt.ivy.lock to be available...
[2025-09-12 22:13:05] Waiting for lock on /cluster/home/eirikwit/.ivy2/.sbt.ivy.lock to be available...
[2025-09-12 22:13:05] Waiting for lock on /cluster/home/eirikwit/.ivy2/.sbt.ivy.lock to be available...
[2025-09-12 22:13:05] Waiting for lock on /cluster/home/eirikwit/.ivy2/.sbt.ivy.lock to be available...
[2025-09-12 22:13:06] Waiting for lock on /cluster/home/eirikwit/.ivy2/.sbt.ivy.lock to be available...
[2025-09-12 22:13:06] Waiting for lock on /cluster/home/eirikwit/.ivy2/.sbt.ivy.lock to be available...
[2025-09-12 22:13:06] Waiting for lock on /cluster/home/eirikwit/.ivy2/.sbt.ivy.lock to be available...
[2025-09-12 22:13:06] Waiting for lock on /cluster/home/eirikwit/.ivy2/.sbt.ivy.lock to be available...
[2025-09-12 22:13:06] Waiting for lock on /cluster/home/eirikwit/.ivy2/.sbt.ivy.lock to be available...
[2025-09-12 22:13:06] Waiting for lock on /cluster/home/eirikwit/.ivy2/.sbt.ivy.lock to be available...
[2025-09-12 22:13:06] Waiting for lock on /cluster/home/eirikwit/.ivy2/.sbt.ivy.lock to be available...
[2025-09-12 22:13:06] Waiting for lock on /cluster/home/eirikwit/.ivy2/.sbt.ivy.lock to be available...
[2025-09-12 22:13:06] Waiting for lock on /cluster/home/eirikwit/.ivy2/.sbt.ivy.lock to be available...
[2025-09-12 22:13:06] Waiting for lock on /cluster/home/eirikwit/.ivy2/.sbt.ivy.lock to be available...
[2025-09-12 22:13:06] Waiting for lock on /cluster/home/eirikwit/.ivy2/.sbt.ivy.lock to be available...
[2025-09-12 22:13:06] Waiting for lock on /cluster/home/eirikwit/.ivy2/.sbt.ivy.lock to be available...
[2025-09-12 22:13:06] Waiting for lock on /cluster/home/eirikwit/.ivy2/.sbt.ivy.lock to be available...
[2025-09-12 22:13:06] Waiting for lock on /cluster/home/eirikwit/.ivy2/.sbt.ivy.lock to be available...
[2025-09-12 22:13:06] Waiting for lock on /cluster/home/eirikwit/.ivy2/.sbt.ivy.lock to be available...
[2025-09-12 22:13:06] Waiting for lock on /cluster/home/eirikwit/.ivy2/.sbt.ivy.lock to be available...
[2025-09-12 22:13:06] Waiting for lock on /cluster/home/eirikwit/.ivy2/.sbt.ivy.lock to be available...
[2025-09-12 22:13:06] Waiting for lock on /cluster/home/eirikwit/.ivy2/.sbt.ivy.lock to be available...
[2025-09-12 22:13:06] Waiting for lock on /cluster/home/eirikwit/.ivy2/.sbt.ivy.lock to be available...
[2025-09-12 22:13:06] Waiting for lock on /cluster/home/eirikwit/.ivy2/.sbt.ivy.lock to be available...
[2025-09-12 22:13:06] Waiting for lock on /cluster/home/eirikwit/.ivy2/.sbt.ivy.lock to be available...
[2025-09-12 22:13:06] Waiting for lock on /cluster/home/eirikwit/.ivy2/.sbt.ivy.lock to be available...
[2025-09-12 22:13:06] Waiting for lock on /cluster/home/eirikwit/.ivy2/.sbt.ivy.lock to be available...
[2025-09-12 22:13:06] Waiting for lock on /cluster/home/eirikwit/.ivy2/.sbt.ivy.lock to be available...
[2025-09-12 22:13:06] Waiting for lock on /cluster/home/eirikwit/.ivy2/.sbt.ivy.lock to be available...
[2025-09-12 22:13:06] Waiting for lock on /cluster/home/eirikwit/.ivy2/.sbt.ivy.lock to be available...
[2025-09-12 22:13:06] Waiting for lock on /cluster/home/eirikwit/.ivy2/.sbt.ivy.lock to be available...
[2025-09-12 22:13:06] Waiting for lock on /cluster/home/eirikwit/.ivy2/.sbt.ivy.lock to be available...
[2025-09-12 22:13:06] Waiting for lock on /cluster/home/eirikwit/.ivy2/.sbt.ivy.lock to be available...
[2025-09-12 22:13:06] Waiting for lock on /cluster/home/eirikwit/.ivy2/.sbt.ivy.lock to be available...
[2025-09-12 22:13:06] Waiting for lock on /cluster/home/eirikwit/.ivy2/.sbt.ivy.lock to be available...
[2025-09-12 22:13:06] Waiting for lock on /cluster/home/eirikwit/.ivy2/.sbt.ivy.lock to be available...
[2025-09-12 22:13:06] Waiting for lock on /cluster/home/eirikwit/.ivy2/.sbt.ivy.lock to be available...
[2025-09-12 22:13:06] Waiting for lock on /cluster/home/eirikwit/.ivy2/.sbt.ivy.lock to be available...
[2025-09-12 22:13:06] Waiting for lock on /cluster/home/eirikwit/.ivy2/.sbt.ivy.lock to be available...
[2025-09-12 22:13:06] Waiting for lock on /cluster/home/eirikwit/.ivy2/.sbt.ivy.lock to be available...
[2025-09-12 22:13:06] Waiting for lock on /cluster/home/eirikwit/.ivy2/.sbt.ivy.lock to be available...
[2025-09-12 22:13:06] Waiting for lock on /cluster/home/eirikwit/.ivy2/.sbt.ivy.lock to be available...
[2025-09-12 22:13:06] Waiting for lock on /cluster/home/eirikwit/.ivy2/.sbt.ivy.lock to be available...
[2025-09-12 22:13:06] Waiting for lock on /cluster/home/eirikwit/.ivy2/.sbt.ivy.lock to be available...
[2025-09-12 22:13:06] Waiting for lock on /cluster/home/eirikwit/.ivy2/.sbt.ivy.lock to be available...
[2025-09-12 22:13:06] Waiting for lock on /cluster/home/eirikwit/.ivy2/.sbt.ivy.lock to be available...
[2025-09-12 22:13:06] Waiting for lock on /cluster/home/eirikwit/.ivy2/.sbt.ivy.lock to be available...
[2025-09-12 22:13:06] Waiting for lock on /cluster/home/eirikwit/.ivy2/.sbt.ivy.lock to be available...
[2025-09-12 22:13:06] Waiting for lock on /cluster/home/eirikwit/.ivy2/.sbt.ivy.lock to be available...
[2025-09-12 22:13:06] Waiting for lock on /cluster/home/eirikwit/.ivy2/.sbt.ivy.lock to be available...
[2025-09-12 22:13:06] Waiting for lock on /cluster/home/eirikwit/.ivy2/.sbt.ivy.lock to be available...
[2025-09-12 22:13:06] Waiting for lock on /cluster/home/eirikwit/.ivy2/.sbt.ivy.lock to be available...
[2025-09-12 22:13:06] Waiting for lock on /cluster/home/eirikwit/.ivy2/.sbt.ivy.lock to be available...
[2025-09-12 22:13:06] Waiting for lock on /cluster/home/eirikwit/.ivy2/.sbt.ivy.lock to be available...
[2025-09-12 22:13:06] Waiting for lock on /cluster/home/eirikwit/.ivy2/.sbt.ivy.lock to be available...
[2025-09-12 22:13:06] Waiting for lock on /cluster/home/eirikwit/.ivy2/.sbt.ivy.lock to be available...
[2025-09-12 22:13:06] Waiting for lock on /cluster/home/eirikwit/.ivy2/.sbt.ivy.lock to be available...
[2025-09-12 22:13:06] Waiting for lock on /cluster/home/eirikwit/.ivy2/.sbt.ivy.lock to be available...
[2025-09-12 22:13:06] Waiting for lock on /cluster/home/eirikwit/.ivy2/.sbt.ivy.lock to be available...
[2025-09-12 22:13:06] Waiting for lock on /cluster/home/eirikwit/.ivy2/.sbt.ivy.lock to be available...
[2025-09-12 22:13:06] Waiting for lock on /cluster/home/eirikwit/.ivy2/.sbt.ivy.lock to be available...
[2025-09-12 22:13:06] Waiting for lock on /cluster/home/eirikwit/.ivy2/.sbt.ivy.lock to be available...
[2025-09-12 22:13:06] Waiting for lock on /cluster/home/eirikwit/.ivy2/.sbt.ivy.lock to be available...
[2025-09-12 22:13:06] Waiting for lock on /cluster/home/eirikwit/.ivy2/.sbt.ivy.lock to be available...
[2025-09-12 22:13:06] Waiting for lock on /cluster/home/eirikwit/.ivy2/.sbt.ivy.lock to be available...
[2025-09-12 22:13:06] Waiting for lock on /cluster/home/eirikwit/.ivy2/.sbt.ivy.lock to be available...
[2025-09-12 22:13:06] Waiting for lock on /cluster/home/eirikwit/.ivy2/.sbt.ivy.lock to be available...
[2025-09-12 22:13:06] Waiting for lock on /cluster/home/eirikwit/.ivy2/.sbt.ivy.lock to be available...
[2025-09-12 22:13:06] Waiting for lock on /cluster/home/eirikwit/.ivy2/.sbt.ivy.lock to be available...
[2025-09-12 22:13:06] Waiting for lock on /cluster/home/eirikwit/.ivy2/.sbt.ivy.lock to be available...
[2025-09-12 22:13:06] Waiting for lock on /cluster/home/eirikwit/.ivy2/.sbt.ivy.lock to be available...
[2025-09-12 22:13:06] Waiting for lock on /cluster/home/eirikwit/.ivy2/.sbt.ivy.lock to be available...
[2025-09-12 22:13:06] Waiting for lock on /cluster/home/eirikwit/.ivy2/.sbt.ivy.lock to be available...
[2025-09-12 22:13:06] Waiting for lock on /cluster/home/eirikwit/.ivy2/.sbt.ivy.lock to be available...
[2025-09-12 22:13:06] Waiting for lock on /cluster/home/eirikwit/.ivy2/.sbt.ivy.lock to be available...
[2025-09-12 22:13:06] Waiting for lock on /cluster/home/eirikwit/.ivy2/.sbt.ivy.lock to be available...
[2025-09-12 22:13:06] Waiting for lock on /cluster/home/eirikwit/.ivy2/.sbt.ivy.lock to be available...
[2025-09-12 22:13:06] Waiting for lock on /cluster/home/eirikwit/.ivy2/.sbt.ivy.lock to be available...
[2025-09-12 22:13:06] Waiting for lock on /cluster/home/eirikwit/.ivy2/.sbt.ivy.lock to be available...
[2025-09-12 22:13:06] Waiting for lock on /cluster/home/eirikwit/.ivy2/.sbt.ivy.lock to be available...
[2025-09-12 22:13:06] Waiting for lock on /cluster/home/eirikwit/.ivy2/.sbt.ivy.lock to be available...
[2025-09-12 22:13:07] Waiting for lock on /cluster/home/eirikwit/.ivy2/.sbt.ivy.lock to be available...
[2025-09-12 22:13:07] Waiting for lock on /cluster/home/eirikwit/.ivy2/.sbt.ivy.lock to be available...
[2025-09-12 22:13:07] Waiting for lock on /cluster/home/eirikwit/.ivy2/.sbt.ivy.lock to be available...
[2025-09-12 22:13:07] Waiting for lock on /cluster/home/eirikwit/.ivy2/.sbt.ivy.lock to be available...
[2025-09-12 22:13:07] Waiting for lock on /cluster/home/eirikwit/.ivy2/.sbt.ivy.lock to be available...
[2025-09-12 22:13:07] Waiting for lock on /cluster/home/eirikwit/.ivy2/.sbt.ivy.lock to be available...
[2025-09-12 22:13:07] Waiting for lock on /cluster/home/eirikwit/.ivy2/.sbt.ivy.lock to be available...
[2025-09-12 22:13:07] Waiting for lock on /cluster/home/eirikwit/.ivy2/.sbt.ivy.lock to be available...
[2025-09-12 22:13:07] Waiting for lock on /cluster/home/eirikwit/.ivy2/.sbt.ivy.lock to be available...
[2025-09-12 22:13:07] Waiting for lock on /cluster/home/eirikwit/.ivy2/.sbt.ivy.lock to be available...
[2025-09-12 22:13:07] Waiting for lock on /cluster/home/eirikwit/.ivy2/.sbt.ivy.lock to be available...
[2025-09-12 22:13:07] Waiting for lock on /cluster/home/eirikwit/.ivy2/.sbt.ivy.lock to be available...
[2025-09-12 22:13:07] Waiting for lock on /cluster/home/eirikwit/.ivy2/.sbt.ivy.lock to be available...
[2025-09-12 22:13:07] Waiting for lock on /cluster/home/eirikwit/.ivy2/.sbt.ivy.lock to be available...
[2025-09-12 22:13:07] Waiting for lock on /cluster/home/eirikwit/.ivy2/.sbt.ivy.lock to be available...
[2025-09-12 22:13:07] Waiting for lock on /cluster/home/eirikwit/.ivy2/.sbt.ivy.lock to be available...
[2025-09-12 22:13:07] Waiting for lock on /cluster/home/eirikwit/.ivy2/.sbt.ivy.lock to be available...
[2025-09-12 22:13:07] Waiting for lock on /cluster/home/eirikwit/.ivy2/.sbt.ivy.lock to be available...
[2025-09-12 22:13:07] Waiting for lock on /cluster/home/eirikwit/.ivy2/.sbt.ivy.lock to be available...
[2025-09-12 22:13:07] Waiting for lock on /cluster/home/eirikwit/.ivy2/.sbt.ivy.lock to be available...
[2025-09-12 22:13:07] Waiting for lock on /cluster/home/eirikwit/.ivy2/.sbt.ivy.lock to be available...
[2025-09-12 22:13:07] Waiting for lock on /cluster/home/eirikwit/.ivy2/.sbt.ivy.lock to be available...
[2025-09-12 22:13:07] Waiting for lock on /cluster/home/eirikwit/.ivy2/.sbt.ivy.lock to be available...
[2025-09-12 22:13:07] Waiting for lock on /cluster/home/eirikwit/.ivy2/.sbt.ivy.lock to be available...
[2025-09-12 22:13:07] Waiting for lock on /cluster/home/eirikwit/.ivy2/.sbt.ivy.lock to be available...
[2025-09-12 22:13:07] Waiting for lock on /cluster/home/eirikwit/.ivy2/.sbt.ivy.lock to be available...
[2025-09-12 22:13:07] Waiting for lock on /cluster/home/eirikwit/.ivy2/.sbt.ivy.lock to be available...
[2025-09-12 22:13:07] Waiting for lock on /cluster/home/eirikwit/.ivy2/.sbt.ivy.lock to be available...
[2025-09-12 22:13:07] Waiting for lock on /cluster/home/eirikwit/.ivy2/.sbt.ivy.lock to be available...
[2025-09-12 22:13:07] Waiting for lock on /cluster/home/eirikwit/.ivy2/.sbt.ivy.lock to be available...
[2025-09-12 22:13:07] Waiting for lock on /cluster/home/eirikwit/.ivy2/.sbt.ivy.lock to be available...
[2025-09-12 22:13:07] Waiting for lock on /cluster/home/eirikwit/.ivy2/.sbt.ivy.lock to be available...
[2025-09-12 22:13:07] Waiting for lock on /cluster/home/eirikwit/.ivy2/.sbt.ivy.lock to be available...
[2025-09-12 22:13:07] Waiting for lock on /cluster/home/eirikwit/.ivy2/.sbt.ivy.lock to be available...
[2025-09-12 22:13:07] Waiting for lock on /cluster/home/eirikwit/.ivy2/.sbt.ivy.lock to be available...
[2025-09-12 22:13:07] Waiting for lock on /cluster/home/eirikwit/.ivy2/.sbt.ivy.lock to be available...
[2025-09-12 22:13:07] Waiting for lock on /cluster/home/eirikwit/.ivy2/.sbt.ivy.lock to be available...
[2025-09-12 22:13:07] Waiting for lock on /cluster/home/eirikwit/.ivy2/.sbt.ivy.lock to be available...
[2025-09-12 22:13:07] Waiting for lock on /cluster/home/eirikwit/.ivy2/.sbt.ivy.lock to be available...
[2025-09-12 22:13:07] Waiting for lock on /cluster/home/eirikwit/.ivy2/.sbt.ivy.lock to be available...
[2025-09-12 22:13:07] Waiting for lock on /cluster/home/eirikwit/.ivy2/.sbt.ivy.lock to be available...
[2025-09-12 22:13:07] Waiting for lock on /cluster/home/eirikwit/.ivy2/.sbt.ivy.lock to be available...
[2025-09-12 22:13:07] Waiting for lock on /cluster/home/eirikwit/.ivy2/.sbt.ivy.lock to be available...
[2025-09-12 22:13:07] Waiting for lock on /cluster/home/eirikwit/.ivy2/.sbt.ivy.lock to be available...
[2025-09-12 22:13:07] Waiting for lock on /cluster/home/eirikwit/.ivy2/.sbt.ivy.lock to be available...
[2025-09-12 22:13:07] Waiting for lock on /cluster/home/eirikwit/.ivy2/.sbt.ivy.lock to be available...
[2025-09-12 22:13:07] Waiting for lock on /cluster/home/eirikwit/.ivy2/.sbt.ivy.lock to be available...
[2025-09-12 22:13:07] Waiting for lock on /cluster/home/eirikwit/.ivy2/.sbt.ivy.lock to be available...
[2025-09-12 22:13:07] Waiting for lock on /cluster/home/eirikwit/.ivy2/.sbt.ivy.lock to be available...
[2025-09-12 22:13:07] Waiting for lock on /cluster/home/eirikwit/.ivy2/.sbt.ivy.lock to be available...
[2025-09-12 22:13:07] Waiting for lock on /cluster/home/eirikwit/.ivy2/.sbt.ivy.lock to be available...
[2025-09-12 22:13:07] Waiting for lock on /cluster/home/eirikwit/.ivy2/.sbt.ivy.lock to be available...
[2025-09-12 22:13:07] Waiting for lock on /cluster/home/eirikwit/.ivy2/.sbt.ivy.lock to be available...
[2025-09-12 22:13:07] Waiting for lock on /cluster/home/eirikwit/.ivy2/.sbt.ivy.lock to be available...
[2025-09-12 22:13:07] Waiting for lock on /cluster/home/eirikwit/.ivy2/.sbt.ivy.lock to be available...
[2025-09-12 22:13:07] Waiting for lock on /cluster/home/eirikwit/.ivy2/.sbt.ivy.lock to be available...
[2025-09-12 22:13:07] Waiting for lock on /cluster/home/eirikwit/.ivy2/.sbt.ivy.lock to be available...
[2025-09-12 22:13:07] Waiting for lock on /cluster/home/eirikwit/.ivy2/.sbt.ivy.lock to be available...
[2025-09-12 22:13:07] Waiting for lock on /cluster/home/eirikwit/.ivy2/.sbt.ivy.lock to be available...
[2025-09-12 22:13:07] Waiting for lock on /cluster/home/eirikwit/.ivy2/.sbt.ivy.lock to be available...
[2025-09-12 22:13:07] Waiting for lock on /cluster/home/eirikwit/.ivy2/.sbt.ivy.lock to be available...
[2025-09-12 22:13:16] [error] java.io.FileNotFoundException: /cluster/home/eirikwit/vortex-gpgpu/chipyard/generators/nvdla/target/scala-2.12/classes/hw/cmod/rubik/gen/NV_NVDLA_rbk_rbk_gen.h (No such file or directory)
[2025-09-12 22:13:16] [error] 	at java.base/java.io.FileInputStream.open0(Native Method)
[2025-09-12 22:13:16] [error] 	at java.base/java.io.FileInputStream.open(FileInputStream.java:216)
[2025-09-12 22:13:16] [error] 	at java.base/java.io.FileInputStream.<init>(FileInputStream.java:157)
[2025-09-12 22:13:16] [error] 	at sbt.io.Using$.$anonfun$fileInputStream$1(Using.scala:98)
[2025-09-12 22:13:16] [error] 	at sbt.io.Using$$anon$3.openImpl(Using.scala:86)
[2025-09-12 22:13:16] [error] 	at sbt.io.OpenFile.open(Using.scala:53)
[2025-09-12 22:13:16] [error] 	at sbt.io.OpenFile.open$(Using.scala:47)
[2025-09-12 22:13:16] [error] 	at sbt.io.Using$$anon$3.open(Using.scala:85)
[2025-09-12 22:13:16] [error] 	at sbt.io.Using$$anon$3.open(Using.scala:85)
[2025-09-12 22:13:16] [error] 	at sbt.io.Using.apply(Using.scala:25)
[2025-09-12 22:13:16] [error] 	at sbt.io.IO$.transfer(IO.scala:448)
[2025-09-12 22:13:16] [error] 	at sbt.io.IO$.addFileEntry$1(IO.scala:710)
[2025-09-12 22:13:16] [error] 	at sbt.io.IO$.$anonfun$writeZip$6(IO.scala:718)
[2025-09-12 22:13:16] [error] 	at sbt.io.IO$.$anonfun$writeZip$6$adapted(IO.scala:718)
[2025-09-12 22:13:16] [error] 	at scala.collection.immutable.List.foreach(List.scala:431)
[2025-09-12 22:13:16] [error] 	at sbt.io.IO$.writeZip(IO.scala:718)
[2025-09-12 22:13:16] [error] 	at sbt.io.IO$.$anonfun$archive$2(IO.scala:668)
[2025-09-12 22:13:16] [error] 	at sbt.io.IO$.$anonfun$archive$2$adapted(IO.scala:665)
[2025-09-12 22:13:16] [error] 	at sbt.io.IO$.$anonfun$withZipOutput$1(IO.scala:765)
[2025-09-12 22:13:16] [error] 	at sbt.io.IO$.$anonfun$withZipOutput$1$adapted(IO.scala:745)
[2025-09-12 22:13:16] [error] 	at sbt.io.Using.apply(Using.scala:27)
[2025-09-12 22:13:16] [error] 	at sbt.io.IO$.withZipOutput(IO.scala:745)
[2025-09-12 22:13:16] [error] 	at sbt.io.IO$.archive(IO.scala:665)
[2025-09-12 22:13:16] [error] 	at sbt.io.IO$.jar(IO.scala:630)
[2025-09-12 22:13:16] [error] 	at sbt.Package$.makeJar(Package.scala:228)
[2025-09-12 22:13:16] [error] 	at sbt.Package$.$anonfun$apply$4(Package.scala:151)
[2025-09-12 22:13:16] [error] 	at sbt.Package$.$anonfun$apply$4$adapted(Package.scala:149)
[2025-09-12 22:13:16] [error] 	at sbt.util.Tracked$.$anonfun$outputChangedW$1(Tracked.scala:128)
[2025-09-12 22:13:16] [error] 	at sbt.Package$.apply(Package.scala:161)
[2025-09-12 22:13:16] [error] 	at sbt.Defaults$.$anonfun$packageTask$1(Defaults.scala:1862)
[2025-09-12 22:13:16] [error] 	at scala.Function1.$anonfun$compose$1(Function1.scala:49)
[2025-09-12 22:13:16] [error] 	at sbt.internal.util.$tilde$greater.$anonfun$$u2219$1(TypeFunctions.scala:62)
[2025-09-12 22:13:16] [error] 	at sbt.std.Transform$$anon$4.work(Transform.scala:68)
[2025-09-12 22:13:16] [error] 	at sbt.Execute.$anonfun$submit$2(Execute.scala:282)
[2025-09-12 22:13:16] [error] 	at sbt.internal.util.ErrorHandling$.wideConvert(ErrorHandling.scala:23)
[2025-09-12 22:13:16] [error] 	at sbt.Execute.work(Execute.scala:291)
[2025-09-12 22:13:16] [error] 	at sbt.Execute.$anonfun$submit$1(Execute.scala:282)
[2025-09-12 22:13:16] [error] 	at sbt.ConcurrentRestrictions$$anon$4.$anonfun$submitValid$1(ConcurrentRestrictions.scala:265)
[2025-09-12 22:13:16] [error] 	at sbt.CompletionService$$anon$2.call(CompletionService.scala:64)
[2025-09-12 22:13:16] [error] 	at java.base/java.util.concurrent.FutureTask.run(FutureTask.java:264)
[2025-09-12 22:13:16] [error] 	at java.base/java.util.concurrent.Executors$RunnableAdapter.call(Executors.java:539)
[2025-09-12 22:13:16] [error] 	at java.base/java.util.concurrent.FutureTask.run(FutureTask.java:264)
[2025-09-12 22:13:16] [error] 	at java.base/java.util.concurrent.ThreadPoolExecutor.runWorker(ThreadPoolExecutor.java:1136)
[2025-09-12 22:13:16] [error] 	at java.base/java.util.concurrent.ThreadPoolExecutor$Worker.run(ThreadPoolExecutor.java:635)
[2025-09-12 22:13:16] [error] 	at java.base/java.lang.Thread.run(Thread.java:833)
[2025-09-12 22:13:16] [error] java.io.FileNotFoundException: /cluster/home/eirikwit/vortex-gpgpu/chipyard/generators/ibex/target/scala-2.12/classes/vsrc/ibex/dv/cs_registers/reg_driver/register_transaction.h (No such file or directory)
[2025-09-12 22:13:16] [error] 	at java.base/java.io.FileInputStream.open0(Native Method)
[2025-09-12 22:13:16] [error] 	at java.base/java.io.FileInputStream.open(FileInputStream.java:216)
[2025-09-12 22:13:16] [error] 	at java.base/java.io.FileInputStream.<init>(FileInputStream.java:157)
[2025-09-12 22:13:16] [error] 	at sbt.io.Using$.$anonfun$fileInputStream$1(Using.scala:98)
[2025-09-12 22:13:16] [error] 	at sbt.io.Using$$anon$3.openImpl(Using.scala:86)
[2025-09-12 22:13:16] [error] 	at sbt.io.OpenFile.open(Using.scala:53)
[2025-09-12 22:13:16] [error] 	at sbt.io.OpenFile.open$(Using.scala:47)
[2025-09-12 22:13:16] [error] 	at sbt.io.Using$$anon$3.open(Using.scala:85)
[2025-09-12 22:13:16] [error] 	at sbt.io.Using$$anon$3.open(Using.scala:85)
[2025-09-12 22:13:16] [error] 	at sbt.io.Using.apply(Using.scala:25)
[2025-09-12 22:13:16] [error] 	at sbt.io.IO$.transfer(IO.scala:448)
[2025-09-12 22:13:16] [error] 	at sbt.io.IO$.addFileEntry$1(IO.scala:710)
[2025-09-12 22:13:16] [error] 	at sbt.io.IO$.$anonfun$writeZip$6(IO.scala:718)
[2025-09-12 22:13:16] [error] 	at sbt.io.IO$.$anonfun$writeZip$6$adapted(IO.scala:718)
[2025-09-12 22:13:16] [error] 	at scala.collection.immutable.List.foreach(List.scala:431)
[2025-09-12 22:13:16] [error] 	at sbt.io.IO$.writeZip(IO.scala:718)
[2025-09-12 22:13:16] [error] 	at sbt.io.IO$.$anonfun$archive$2(IO.scala:668)
[2025-09-12 22:13:16] [error] 	at sbt.io.IO$.$anonfun$archive$2$adapted(IO.scala:665)
[2025-09-12 22:13:16] [error] 	at sbt.io.IO$.$anonfun$withZipOutput$1(IO.scala:765)
[2025-09-12 22:13:16] [error] 	at sbt.io.IO$.$anonfun$withZipOutput$1$adapted(IO.scala:745)
[2025-09-12 22:13:16] [error] 	at sbt.io.Using.apply(Using.scala:27)
[2025-09-12 22:13:16] [error] 	at sbt.io.IO$.withZipOutput(IO.scala:745)
[2025-09-12 22:13:16] [error] 	at sbt.io.IO$.archive(IO.scala:665)
[2025-09-12 22:13:16] [error] 	at sbt.io.IO$.jar(IO.scala:630)
[2025-09-12 22:13:16] [error] 	at sbt.Package$.makeJar(Package.scala:228)
[2025-09-12 22:13:16] [error] 	at sbt.Package$.$anonfun$apply$4(Package.scala:151)
[2025-09-12 22:13:16] [error] 	at sbt.Package$.$anonfun$apply$4$adapted(Package.scala:149)
[2025-09-12 22:13:16] [error] 	at sbt.util.Tracked$.$anonfun$outputChangedW$1(Tracked.scala:128)
[2025-09-12 22:13:16] [error] 	at sbt.Package$.apply(Package.scala:161)
[2025-09-12 22:13:16] [error] 	at sbt.Defaults$.$anonfun$packageTask$1(Defaults.scala:1862)
[2025-09-12 22:13:16] [error] 	at scala.Function1.$anonfun$compose$1(Function1.scala:49)
[2025-09-12 22:13:16] [error] 	at sbt.internal.util.$tilde$greater.$anonfun$$u2219$1(TypeFunctions.scala:62)
[2025-09-12 22:13:16] [error] 	at sbt.std.Transform$$anon$4.work(Transform.scala:68)
[2025-09-12 22:13:16] [error] 	at sbt.Execute.$anonfun$submit$2(Execute.scala:282)
[2025-09-12 22:13:16] [error] 	at sbt.internal.util.ErrorHandling$.wideConvert(ErrorHandling.scala:23)
[2025-09-12 22:13:16] [error] 	at sbt.Execute.work(Execute.scala:291)
[2025-09-12 22:13:16] [error] 	at sbt.Execute.$anonfun$submit$1(Execute.scala:282)
[2025-09-12 22:13:16] [error] 	at sbt.ConcurrentRestrictions$$anon$4.$anonfun$submitValid$1(ConcurrentRestrictions.scala:265)
[2025-09-12 22:13:16] [error] 	at sbt.CompletionService$$anon$2.call(CompletionService.scala:64)
[2025-09-12 22:13:16] [error] 	at java.base/java.util.concurrent.FutureTask.run(FutureTask.java:264)
[2025-09-12 22:13:16] [error] 	at java.base/java.util.concurrent.Executors$RunnableAdapter.call(Executors.java:539)
[2025-09-12 22:13:16] [error] 	at java.base/java.util.concurrent.FutureTask.run(FutureTask.java:264)
[2025-09-12 22:13:16] [error] 	at java.base/java.util.concurrent.ThreadPoolExecutor.runWorker(ThreadPoolExecutor.java:1136)
[2025-09-12 22:13:16] [error] 	at java.base/java.util.concurrent.ThreadPoolExecutor$Worker.run(ThreadPoolExecutor.java:635)
[2025-09-12 22:13:16] [error] 	at java.base/java.lang.Thread.run(Thread.java:833)
[2025-09-12 22:13:16] [error] (nvdla / Compile / packageBin) java.io.FileNotFoundException: /cluster/home/eirikwit/vortex-gpgpu/chipyard/generators/nvdla/target/scala-2.12/classes/hw/cmod/rubik/gen/NV_NVDLA_rbk_rbk_gen.h (No such file or directory)
[2025-09-12 22:13:16] [error] (ibex / Compile / packageBin) java.io.FileNotFoundException: /cluster/home/eirikwit/vortex-gpgpu/chipyard/generators/ibex/target/scala-2.12/classes/vsrc/ibex/dv/cs_registers/reg_driver/register_transaction.h (No such file or directory)
[2025-09-12 22:13:16] [error] Total time: 11 s, completed 12 Sept 2025, 22:13:16
[2025-09-12 22:13:17] make: *** [/cluster/home/eirikwit/vortex-gpgpu/chipyard/sims/firesim/sim/src/main/makefrag/firesim/Makefrag:47: /cluster/home/eirikwit/vortex-gpgpu/chipyard/sims/firesim/sim/generated-src/alveo/FireSim-FireSimV16S2C0L3-BaseF1Config1Mem_F25MHz/firesim.firesim.FireSim.FireSimV16S2C0L3.fir] Error 1
