[2025-09-13 17:39:30] Running with RISCV=/cluster/home/eirikwit/vortex-gpgpu/chipyard/.conda-env/riscv-tools
[2025-09-13 17:40:12] mkdir -p /cluster/home/eirikwit/vortex-gpgpu/chipyard/sims/firesim/sim/generated-src/alveo/FireSim-FireSimV1S2C0L3-BaseF1Config1Mem_F25MHz
[2025-09-13 17:40:12] cd /cluster/home/eirikwit/vortex-gpgpu/chipyard && java -jar /cluster/home/eirikwit/vortex-gpgpu/chipyard/generators/rocket-chip/sbt-launch.jar  ";project firechip; runMain chipyard.Generator  --target-dir /cluster/home/eirikwit/vortex-gpgpu/chipyard/sims/firesim/sim/generated-src/alveo/FireSim-FireSimV1S2C0L3-BaseF1Config1Mem_F25MHz --name firesim.firesim.FireSim.FireSimV1S2C0L3 --top-module firesim.firesim.FireSim --legacy-configs firesim.firesim:FireSimV1S2C0L3"
[2025-09-13 17:40:13] Picked up JAVA_TOOL_OPTIONS: -Xmx128G -Xss8M -Djava.io.tmpdir=/cluster/home/eirikwit/vortex-gpgpu/chipyard/.java_tmp
[2025-09-13 17:40:15] Waiting for lock on /cluster/home/eirikwit/.sbt/boot/sbt.boot.lock to be available...
[2025-09-13 17:40:20] WARNING: A terminally deprecated method in java.lang.System has been called
[2025-09-13 17:40:20] WARNING: System::setSecurityManager has been called by sbt.TrapExit$ (file:/cluster/home/eirikwit/.sbt/boot/scala-2.12.14/org.scala-sbt/sbt/1.5.5/run_2.12-1.5.5.jar)
[2025-09-13 17:40:20] WARNING: Please consider reporting this to the maintainers of sbt.TrapExit$
[2025-09-13 17:40:20] WARNING: System::setSecurityManager will be removed in a future release
[2025-09-13 17:40:20] [info] welcome to sbt 1.5.5 (N/A Java 17.0.3-internal)
[2025-09-13 17:40:21] [info] loading project definition from /cluster/home/eirikwit/vortex-gpgpu/chipyard/project/project/project
[2025-09-13 17:40:22] [info] loading project definition from /cluster/home/eirikwit/vortex-gpgpu/chipyard/project/project
[2025-09-13 17:40:22] [error] ## Exception when compiling 0 sources to /cluster/home/eirikwit/vortex-gpgpu/chipyard/project/project/target/scala-2.12/sbt-1.0/classes
[2025-09-13 17:40:22] [error] java.nio.file.FileAlreadyExistsException: /cluster/home/eirikwit/vortex-gpgpu/chipyard/project/project/target/scala-2.12/sbt-1.0/classes.bak
[2025-09-13 17:40:22] [error] java.base/sun.nio.fs.UnixException.translateToIOException(UnixException.java:94)
[2025-09-13 17:40:22] [error] java.base/sun.nio.fs.UnixException.rethrowAsIOException(UnixException.java:106)
[2025-09-13 17:40:22] [error] java.base/sun.nio.fs.UnixException.rethrowAsIOException(UnixException.java:111)
[2025-09-13 17:40:22] [error] java.base/sun.nio.fs.UnixFileSystemProvider.createDirectory(UnixFileSystemProvider.java:397)
[2025-09-13 17:40:22] [error] java.base/java.nio.file.Files.createDirectory(Files.java:700)
[2025-09-13 17:40:22] [error] java.base/java.nio.file.Files.createAndCheckIsDirectory(Files.java:807)
[2025-09-13 17:40:22] [error] java.base/java.nio.file.Files.createDirectories(Files.java:753)
[2025-09-13 17:40:22] [error] sbt.internal.inc.ClassFileManager$TransactionalClassFileManager.<init>(ClassFileManager.scala:190)
[2025-09-13 17:40:22] [error] sbt.internal.inc.ClassFileManager$.transactional(ClassFileManager.scala:156)
[2025-09-13 17:40:22] [error] sbt.internal.inc.ClassFileManager$.$anonfun$transactional$1(ClassFileManager.scala:179)
[2025-09-13 17:40:22] [error] scala.Option.fold(Option.scala:251)
[2025-09-13 17:40:22] [error] sbt.internal.inc.ClassFileManager$.transactional(ClassFileManager.scala:180)
[2025-09-13 17:40:22] [error] sbt.internal.inc.ClassFileManager$.getDefaultClassFileManager(ClassFileManager.scala:70)
[2025-09-13 17:40:22] [error] sbt.internal.inc.ClassFileManager$.getClassFileManager(ClassFileManager.scala:87)
[2025-09-13 17:40:22] [error] sbt.internal.inc.Incremental$.withClassfileManager(Incremental.scala:500)
[2025-09-13 17:40:22] [error] sbt.internal.inc.Incremental$.incrementalCompile(Incremental.scala:401)
[2025-09-13 17:40:22] [error] sbt.internal.inc.Incremental$.apply(Incremental.scala:167)
[2025-09-13 17:40:22] [error] sbt.internal.inc.IncrementalCompilerImpl.compileInternal(IncrementalCompilerImpl.scala:528)
[2025-09-13 17:40:22] [error] sbt.internal.inc.IncrementalCompilerImpl.$anonfun$compileIncrementally$1(IncrementalCompilerImpl.scala:482)
[2025-09-13 17:40:22] [error] sbt.internal.inc.IncrementalCompilerImpl.handleCompilationError(IncrementalCompilerImpl.scala:332)
[2025-09-13 17:40:22] [error] sbt.internal.inc.IncrementalCompilerImpl.compileIncrementally(IncrementalCompilerImpl.scala:420)
[2025-09-13 17:40:22] [error] sbt.internal.inc.IncrementalCompilerImpl.compile(IncrementalCompilerImpl.scala:137)
[2025-09-13 17:40:22] [error] sbt.Defaults$.compileIncrementalTaskImpl(Defaults.scala:2357)
[2025-09-13 17:40:22] [error] sbt.Defaults$.$anonfun$compileIncrementalTask$2(Defaults.scala:2314)
[2025-09-13 17:40:22] [error] sbt.internal.io.Retry$.apply(Retry.scala:46)
[2025-09-13 17:40:22] [error] sbt.internal.io.Retry$.apply(Retry.scala:28)
[2025-09-13 17:40:22] [error] sbt.internal.io.Retry$.apply(Retry.scala:23)
[2025-09-13 17:40:22] [error] sbt.internal.server.BspCompileTask$.compute(BspCompileTask.scala:31)
[2025-09-13 17:40:22] [error] sbt.Defaults$.$anonfun$compileIncrementalTask$1(Defaults.scala:2310)
[2025-09-13 17:40:22] [error] scala.Function1.$anonfun$compose$1(Function1.scala:49)
[2025-09-13 17:40:22] [error] sbt.internal.util.$tilde$greater.$anonfun$$u2219$1(TypeFunctions.scala:62)
[2025-09-13 17:40:22] [error] sbt.std.Transform$$anon$4.work(Transform.scala:68)
[2025-09-13 17:40:22] [error] sbt.Execute.$anonfun$submit$2(Execute.scala:282)
[2025-09-13 17:40:22] [error] sbt.internal.util.ErrorHandling$.wideConvert(ErrorHandling.scala:23)
[2025-09-13 17:40:22] [error] sbt.Execute.work(Execute.scala:291)
[2025-09-13 17:40:22] [error] sbt.Execute.$anonfun$submit$1(Execute.scala:282)
[2025-09-13 17:40:22] [error] sbt.ConcurrentRestrictions$$anon$4.$anonfun$submitValid$1(ConcurrentRestrictions.scala:265)
[2025-09-13 17:40:22] [error] sbt.CompletionService$$anon$2.call(CompletionService.scala:64)
[2025-09-13 17:40:22] [error] java.base/java.util.concurrent.FutureTask.run(FutureTask.java:264)
[2025-09-13 17:40:22] [error] java.base/java.util.concurrent.Executors$RunnableAdapter.call(Executors.java:539)
[2025-09-13 17:40:22] [error] java.base/java.util.concurrent.FutureTask.run(FutureTask.java:264)
[2025-09-13 17:40:22] [error] java.base/java.util.concurrent.ThreadPoolExecutor.runWorker(ThreadPoolExecutor.java:1136)
[2025-09-13 17:40:22] [error] java.base/java.util.concurrent.ThreadPoolExecutor$Worker.run(ThreadPoolExecutor.java:635)
[2025-09-13 17:40:22] [error] java.base/java.lang.Thread.run(Thread.java:833)
[2025-09-13 17:40:22] [error]            
[2025-09-13 17:40:22] [info] loading settings for project chipyard-build from plugins.sbt ...
[2025-09-13 17:40:22] [info] loading project definition from /cluster/home/eirikwit/vortex-gpgpu/chipyard/project
[2025-09-13 17:40:23] [info] loading settings for project chipyardRoot from build.sbt ...
[2025-09-13 17:40:24] [info] loading settings for project hardfloat from build.sbt ...
[2025-09-13 17:40:24] [info] loading settings for project rocketConfig from build.sbt ...
[2025-09-13 17:40:24] [info] loading settings for project testchipip from build.sbt ...
[2025-09-13 17:40:24] [info] loading settings for project constellation from build.sbt ...
[2025-09-13 17:40:24] [info] loading settings for project icenet from build.sbt ...
[2025-09-13 17:40:24] [info] loading settings for project hwacha from build.sbt ...
[2025-09-13 17:40:24] [info] loading settings for project boom from build.sbt ...
[2025-09-13 17:40:25] [info] loading settings for project cva6 from build.sbt ...
[2025-09-13 17:40:25] [info] loading settings for project ibex from build.sbt ...
[2025-09-13 17:40:25] [info] loading settings for project sodor from build.sbt ...
[2025-09-13 17:40:25] [info] loading settings for project gemmini from build.sbt ...
[2025-09-13 17:40:25] [info] loading settings for project tapeout from build.sbt ...
[2025-09-13 17:40:25] [info] loading settings for project vortex from build.sbt ...
[2025-09-13 17:40:26] [info] loading settings for project sim-build from plugins.sbt ...
[2025-09-13 17:40:26] [info] loading project definition from /cluster/home/eirikwit/vortex-gpgpu/chipyard/sims/firesim/sim/project
[2025-09-13 17:40:26] [info] loading settings for project firesim from build.sbt ...
[2025-09-13 17:40:27] [info] loading settings for project targetutils from build.sbt ...
[2025-09-13 17:40:27] [info] loading settings for project midas from build.sbt ...
[2025-09-13 17:40:27] [info] resolving key references (37744 settings) ...
[2025-09-13 17:40:55] [info] set current project to chipyardRoot (in build file:/cluster/home/eirikwit/vortex-gpgpu/chipyard/)
[2025-09-13 17:40:55] [info] set current project to firechip (in build file:/cluster/home/eirikwit/vortex-gpgpu/chipyard/)
[2025-09-13 17:40:56] Waiting for lock on /cluster/home/eirikwit/.ivy2/.sbt.ivy.lock to be available...
[2025-09-13 17:40:56] Waiting for lock on /cluster/home/eirikwit/.ivy2/.sbt.ivy.lock to be available...
[2025-09-13 17:40:56] Waiting for lock on /cluster/home/eirikwit/.ivy2/.sbt.ivy.lock to be available...
[2025-09-13 17:40:56] Waiting for lock on /cluster/home/eirikwit/.ivy2/.sbt.ivy.lock to be available...
[2025-09-13 17:40:56] Waiting for lock on /cluster/home/eirikwit/.ivy2/.sbt.ivy.lock to be available...
[2025-09-13 17:40:56] Waiting for lock on /cluster/home/eirikwit/.ivy2/.sbt.ivy.lock to be available...
[2025-09-13 17:40:56] Waiting for lock on /cluster/home/eirikwit/.ivy2/.sbt.ivy.lock to be available...
[2025-09-13 17:40:56] Waiting for lock on /cluster/home/eirikwit/.ivy2/.sbt.ivy.lock to be available...
[2025-09-13 17:40:56] Waiting for lock on /cluster/home/eirikwit/.ivy2/.sbt.ivy.lock to be available...
[2025-09-13 17:40:56] Waiting for lock on /cluster/home/eirikwit/.ivy2/.sbt.ivy.lock to be available...
[2025-09-13 17:40:56] Waiting for lock on /cluster/home/eirikwit/.ivy2/.sbt.ivy.lock to be available...
[2025-09-13 17:40:56] Waiting for lock on /cluster/home/eirikwit/.ivy2/.sbt.ivy.lock to be available...
[2025-09-13 17:40:56] Waiting for lock on /cluster/home/eirikwit/.ivy2/.sbt.ivy.lock to be available...
[2025-09-13 17:40:56] Waiting for lock on /cluster/home/eirikwit/.ivy2/.sbt.ivy.lock to be available...
[2025-09-13 17:40:56] Waiting for lock on /cluster/home/eirikwit/.ivy2/.sbt.ivy.lock to be available...
[2025-09-13 17:40:56] Waiting for lock on /cluster/home/eirikwit/.ivy2/.sbt.ivy.lock to be available...
[2025-09-13 17:40:56] Waiting for lock on /cluster/home/eirikwit/.ivy2/.sbt.ivy.lock to be available...
[2025-09-13 17:40:56] Waiting for lock on /cluster/home/eirikwit/.ivy2/.sbt.ivy.lock to be available...
[2025-09-13 17:40:56] Waiting for lock on /cluster/home/eirikwit/.ivy2/.sbt.ivy.lock to be available...
[2025-09-13 17:40:56] Waiting for lock on /cluster/home/eirikwit/.ivy2/.sbt.ivy.lock to be available...
[2025-09-13 17:40:56] Waiting for lock on /cluster/home/eirikwit/.ivy2/.sbt.ivy.lock to be available...
[2025-09-13 17:40:56] Waiting for lock on /cluster/home/eirikwit/.ivy2/.sbt.ivy.lock to be available...
[2025-09-13 17:40:56] Waiting for lock on /cluster/home/eirikwit/.ivy2/.sbt.ivy.lock to be available...
[2025-09-13 17:40:56] Waiting for lock on /cluster/home/eirikwit/.ivy2/.sbt.ivy.lock to be available...
[2025-09-13 17:40:56] Waiting for lock on /cluster/home/eirikwit/.ivy2/.sbt.ivy.lock to be available...
[2025-09-13 17:40:56] Waiting for lock on /cluster/home/eirikwit/.ivy2/.sbt.ivy.lock to be available...
[2025-09-13 17:40:56] Waiting for lock on /cluster/home/eirikwit/.ivy2/.sbt.ivy.lock to be available...
[2025-09-13 17:40:56] Waiting for lock on /cluster/home/eirikwit/.ivy2/.sbt.ivy.lock to be available...
[2025-09-13 17:40:56] Waiting for lock on /cluster/home/eirikwit/.ivy2/.sbt.ivy.lock to be available...
[2025-09-13 17:40:56] Waiting for lock on /cluster/home/eirikwit/.ivy2/.sbt.ivy.lock to be available...
[2025-09-13 17:40:56] Waiting for lock on /cluster/home/eirikwit/.ivy2/.sbt.ivy.lock to be available...
[2025-09-13 17:40:56] Waiting for lock on /cluster/home/eirikwit/.ivy2/.sbt.ivy.lock to be available...
[2025-09-13 17:40:56] Waiting for lock on /cluster/home/eirikwit/.ivy2/.sbt.ivy.lock to be available...
[2025-09-13 17:40:56] Waiting for lock on /cluster/home/eirikwit/.ivy2/.sbt.ivy.lock to be available...
[2025-09-13 17:40:56] Waiting for lock on /cluster/home/eirikwit/.ivy2/.sbt.ivy.lock to be available...
[2025-09-13 17:40:56] Waiting for lock on /cluster/home/eirikwit/.ivy2/.sbt.ivy.lock to be available...
[2025-09-13 17:40:56] Waiting for lock on /cluster/home/eirikwit/.ivy2/.sbt.ivy.lock to be available...
[2025-09-13 17:40:56] Waiting for lock on /cluster/home/eirikwit/.ivy2/.sbt.ivy.lock to be available...
[2025-09-13 17:40:56] Waiting for lock on /cluster/home/eirikwit/.ivy2/.sbt.ivy.lock to be available...
[2025-09-13 17:40:56] Waiting for lock on /cluster/home/eirikwit/.ivy2/.sbt.ivy.lock to be available...
[2025-09-13 17:40:56] Waiting for lock on /cluster/home/eirikwit/.ivy2/.sbt.ivy.lock to be available...
[2025-09-13 17:40:56] Waiting for lock on /cluster/home/eirikwit/.ivy2/.sbt.ivy.lock to be available...
[2025-09-13 17:40:56] Waiting for lock on /cluster/home/eirikwit/.ivy2/.sbt.ivy.lock to be available...
[2025-09-13 17:40:56] Waiting for lock on /cluster/home/eirikwit/.ivy2/.sbt.ivy.lock to be available...
[2025-09-13 17:40:56] Waiting for lock on /cluster/home/eirikwit/.ivy2/.sbt.ivy.lock to be available...
[2025-09-13 17:40:56] Waiting for lock on /cluster/home/eirikwit/.ivy2/.sbt.ivy.lock to be available...
[2025-09-13 17:40:56] Waiting for lock on /cluster/home/eirikwit/.ivy2/.sbt.ivy.lock to be available...
[2025-09-13 17:40:56] Waiting for lock on /cluster/home/eirikwit/.ivy2/.sbt.ivy.lock to be available...
[2025-09-13 17:40:56] Waiting for lock on /cluster/home/eirikwit/.ivy2/.sbt.ivy.lock to be available...
[2025-09-13 17:40:56] Waiting for lock on /cluster/home/eirikwit/.ivy2/.sbt.ivy.lock to be available...
[2025-09-13 17:40:56] Waiting for lock on /cluster/home/eirikwit/.ivy2/.sbt.ivy.lock to be available...
[2025-09-13 17:40:56] Waiting for lock on /cluster/home/eirikwit/.ivy2/.sbt.ivy.lock to be available...
[2025-09-13 17:40:56] Waiting for lock on /cluster/home/eirikwit/.ivy2/.sbt.ivy.lock to be available...
[2025-09-13 17:40:56] Waiting for lock on /cluster/home/eirikwit/.ivy2/.sbt.ivy.lock to be available...
[2025-09-13 17:40:56] Waiting for lock on /cluster/home/eirikwit/.ivy2/.sbt.ivy.lock to be available...
[2025-09-13 17:40:56] Waiting for lock on /cluster/home/eirikwit/.ivy2/.sbt.ivy.lock to be available...
[2025-09-13 17:40:56] Waiting for lock on /cluster/home/eirikwit/.ivy2/.sbt.ivy.lock to be available...
[2025-09-13 17:40:56] Waiting for lock on /cluster/home/eirikwit/.ivy2/.sbt.ivy.lock to be available...
[2025-09-13 17:40:56] Waiting for lock on /cluster/home/eirikwit/.ivy2/.sbt.ivy.lock to be available...
[2025-09-13 17:40:56] Waiting for lock on /cluster/home/eirikwit/.ivy2/.sbt.ivy.lock to be available...
[2025-09-13 17:40:56] Waiting for lock on /cluster/home/eirikwit/.ivy2/.sbt.ivy.lock to be available...
[2025-09-13 17:40:56] Waiting for lock on /cluster/home/eirikwit/.ivy2/.sbt.ivy.lock to be available...
[2025-09-13 17:40:56] Waiting for lock on /cluster/home/eirikwit/.ivy2/.sbt.ivy.lock to be available...
[2025-09-13 17:40:56] Waiting for lock on /cluster/home/eirikwit/.ivy2/.sbt.ivy.lock to be available...
[2025-09-13 17:40:56] Waiting for lock on /cluster/home/eirikwit/.ivy2/.sbt.ivy.lock to be available...
[2025-09-13 17:40:56] Waiting for lock on /cluster/home/eirikwit/.ivy2/.sbt.ivy.lock to be available...
[2025-09-13 17:40:56] Waiting for lock on /cluster/home/eirikwit/.ivy2/.sbt.ivy.lock to be available...
[2025-09-13 17:40:56] Waiting for lock on /cluster/home/eirikwit/.ivy2/.sbt.ivy.lock to be available...
[2025-09-13 17:40:56] Waiting for lock on /cluster/home/eirikwit/.ivy2/.sbt.ivy.lock to be available...
[2025-09-13 17:40:56] Waiting for lock on /cluster/home/eirikwit/.ivy2/.sbt.ivy.lock to be available...
[2025-09-13 17:40:56] Waiting for lock on /cluster/home/eirikwit/.ivy2/.sbt.ivy.lock to be available...
[2025-09-13 17:40:56] Waiting for lock on /cluster/home/eirikwit/.ivy2/.sbt.ivy.lock to be available...
[2025-09-13 17:40:56] Waiting for lock on /cluster/home/eirikwit/.ivy2/.sbt.ivy.lock to be available...
[2025-09-13 17:40:56] Waiting for lock on /cluster/home/eirikwit/.ivy2/.sbt.ivy.lock to be available...
[2025-09-13 17:40:56] Waiting for lock on /cluster/home/eirikwit/.ivy2/.sbt.ivy.lock to be available...
[2025-09-13 17:40:56] Waiting for lock on /cluster/home/eirikwit/.ivy2/.sbt.ivy.lock to be available...
[2025-09-13 17:40:56] Waiting for lock on /cluster/home/eirikwit/.ivy2/.sbt.ivy.lock to be available...
[2025-09-13 17:40:56] Waiting for lock on /cluster/home/eirikwit/.ivy2/.sbt.ivy.lock to be available...
[2025-09-13 17:40:56] Waiting for lock on /cluster/home/eirikwit/.ivy2/.sbt.ivy.lock to be available...
[2025-09-13 17:40:56] Waiting for lock on /cluster/home/eirikwit/.ivy2/.sbt.ivy.lock to be available...
[2025-09-13 17:40:56] Waiting for lock on /cluster/home/eirikwit/.ivy2/.sbt.ivy.lock to be available...
[2025-09-13 17:40:56] Waiting for lock on /cluster/home/eirikwit/.ivy2/.sbt.ivy.lock to be available...
[2025-09-13 17:40:56] Waiting for lock on /cluster/home/eirikwit/.ivy2/.sbt.ivy.lock to be available...
[2025-09-13 17:40:56] Waiting for lock on /cluster/home/eirikwit/.ivy2/.sbt.ivy.lock to be available...
[2025-09-13 17:40:56] Waiting for lock on /cluster/home/eirikwit/.ivy2/.sbt.ivy.lock to be available...
[2025-09-13 17:40:56] Waiting for lock on /cluster/home/eirikwit/.ivy2/.sbt.ivy.lock to be available...
[2025-09-13 17:40:56] Waiting for lock on /cluster/home/eirikwit/.ivy2/.sbt.ivy.lock to be available...
[2025-09-13 17:40:56] Waiting for lock on /cluster/home/eirikwit/.ivy2/.sbt.ivy.lock to be available...
[2025-09-13 17:40:56] Waiting for lock on /cluster/home/eirikwit/.ivy2/.sbt.ivy.lock to be available...
[2025-09-13 17:40:56] Waiting for lock on /cluster/home/eirikwit/.ivy2/.sbt.ivy.lock to be available...
[2025-09-13 17:40:56] Waiting for lock on /cluster/home/eirikwit/.ivy2/.sbt.ivy.lock to be available...
[2025-09-13 17:40:56] Waiting for lock on /cluster/home/eirikwit/.ivy2/.sbt.ivy.lock to be available...
[2025-09-13 17:40:56] Waiting for lock on /cluster/home/eirikwit/.ivy2/.sbt.ivy.lock to be available...
[2025-09-13 17:40:56] Waiting for lock on /cluster/home/eirikwit/.ivy2/.sbt.ivy.lock to be available...
[2025-09-13 17:40:56] Waiting for lock on /cluster/home/eirikwit/.ivy2/.sbt.ivy.lock to be available...
[2025-09-13 17:40:56] Waiting for lock on /cluster/home/eirikwit/.ivy2/.sbt.ivy.lock to be available...
[2025-09-13 17:40:56] Waiting for lock on /cluster/home/eirikwit/.ivy2/.sbt.ivy.lock to be available...
[2025-09-13 17:40:56] Waiting for lock on /cluster/home/eirikwit/.ivy2/.sbt.ivy.lock to be available...
[2025-09-13 17:40:56] Waiting for lock on /cluster/home/eirikwit/.ivy2/.sbt.ivy.lock to be available...
[2025-09-13 17:40:56] Waiting for lock on /cluster/home/eirikwit/.ivy2/.sbt.ivy.lock to be available...
[2025-09-13 17:40:56] Waiting for lock on /cluster/home/eirikwit/.ivy2/.sbt.ivy.lock to be available...
[2025-09-13 17:40:56] Waiting for lock on /cluster/home/eirikwit/.ivy2/.sbt.ivy.lock to be available...
[2025-09-13 17:40:57] Waiting for lock on /cluster/home/eirikwit/.ivy2/.sbt.ivy.lock to be available...
[2025-09-13 17:40:57] Waiting for lock on /cluster/home/eirikwit/.ivy2/.sbt.ivy.lock to be available...
[2025-09-13 17:40:57] Waiting for lock on /cluster/home/eirikwit/.ivy2/.sbt.ivy.lock to be available...
[2025-09-13 17:40:57] Waiting for lock on /cluster/home/eirikwit/.ivy2/.sbt.ivy.lock to be available...
[2025-09-13 17:40:57] Waiting for lock on /cluster/home/eirikwit/.ivy2/.sbt.ivy.lock to be available...
[2025-09-13 17:40:57] Waiting for lock on /cluster/home/eirikwit/.ivy2/.sbt.ivy.lock to be available...
[2025-09-13 17:40:57] Waiting for lock on /cluster/home/eirikwit/.ivy2/.sbt.ivy.lock to be available...
[2025-09-13 17:40:57] Waiting for lock on /cluster/home/eirikwit/.ivy2/.sbt.ivy.lock to be available...
[2025-09-13 17:40:57] Waiting for lock on /cluster/home/eirikwit/.ivy2/.sbt.ivy.lock to be available...
[2025-09-13 17:40:57] Waiting for lock on /cluster/home/eirikwit/.ivy2/.sbt.ivy.lock to be available...
[2025-09-13 17:40:57] Waiting for lock on /cluster/home/eirikwit/.ivy2/.sbt.ivy.lock to be available...
[2025-09-13 17:40:57] Waiting for lock on /cluster/home/eirikwit/.ivy2/.sbt.ivy.lock to be available...
[2025-09-13 17:40:57] Waiting for lock on /cluster/home/eirikwit/.ivy2/.sbt.ivy.lock to be available...
[2025-09-13 17:40:57] Waiting for lock on /cluster/home/eirikwit/.ivy2/.sbt.ivy.lock to be available...
[2025-09-13 17:40:57] Waiting for lock on /cluster/home/eirikwit/.ivy2/.sbt.ivy.lock to be available...
[2025-09-13 17:41:10] [info] running chipyard.Generator --target-dir /cluster/home/eirikwit/vortex-gpgpu/chipyard/sims/firesim/sim/generated-src/alveo/FireSim-FireSimV1S2C0L3-BaseF1Config1Mem_F25MHz --name firesim.firesim.FireSim.FireSimV1S2C0L3 --top-module firesim.firesim.FireSim --legacy-configs firesim.firesim:FireSimV1S2C0L3
[2025-09-13 17:41:11] [error] (run-main-0) java.lang.Exception: Unable to find part "firesim.firesim.FireSimV1S2C0L3" from "ArraySeq(firesim.firesim.FireSimV1S2C0L3)", did you misspell it or specify the wrong package path?
[2025-09-13 17:41:11] [error] java.lang.Exception: Unable to find part "firesim.firesim.FireSimV1S2C0L3" from "ArraySeq(firesim.firesim.FireSimV1S2C0L3)", did you misspell it or specify the wrong package path?
[2025-09-13 17:41:11] [error] 	at Chisel.package$throwException$.apply(compatibility.scala:451)
[2025-09-13 17:41:11] [error] 	at freechips.rocketchip.util.HasRocketChipStageUtils.$anonfun$getConfig$1(GeneratorUtils.scala:19)
[2025-09-13 17:41:11] [error] 	at scala.collection.IndexedSeqOptimized.foldRight(IndexedSeqOptimized.scala:65)
[2025-09-13 17:41:11] [error] 	at scala.collection.IndexedSeqOptimized.foldRight$(IndexedSeqOptimized.scala:72)
[2025-09-13 17:41:11] [error] 	at scala.collection.mutable.ArraySeq.foldRight(ArraySeq.scala:47)
[2025-09-13 17:41:11] [error] 	at freechips.rocketchip.util.HasRocketChipStageUtils.getConfig(GeneratorUtils.scala:14)
[2025-09-13 17:41:11] [error] 	at freechips.rocketchip.util.HasRocketChipStageUtils.getConfig$(GeneratorUtils.scala:13)
[2025-09-13 17:41:11] [error] 	at freechips.rocketchip.stage.phases.PreElaboration.getConfig(PreElaboration.scala:18)
[2025-09-13 17:41:11] [error] 	at freechips.rocketchip.stage.phases.PreElaboration.transform(PreElaboration.scala:29)
[2025-09-13 17:41:11] [error] 	at freechips.rocketchip.stage.phases.PreElaboration.transform(PreElaboration.scala:18)
[2025-09-13 17:41:11] [error] 	at firrtl.options.phases.DeletedWrapper.internalTransform(DeletedWrapper.scala:38)
[2025-09-13 17:41:11] [error] 	at firrtl.options.phases.DeletedWrapper.internalTransform(DeletedWrapper.scala:15)
[2025-09-13 17:41:11] [error] 	at firrtl.options.Translator.transform(Phase.scala:248)
[2025-09-13 17:41:11] [error] 	at firrtl.options.Translator.transform$(Phase.scala:248)
[2025-09-13 17:41:11] [error] 	at firrtl.options.phases.DeletedWrapper.transform(DeletedWrapper.scala:15)
[2025-09-13 17:41:11] [error] 	at firrtl.options.DependencyManager.$anonfun$transform$5(DependencyManager.scala:280)
[2025-09-13 17:41:11] [error] 	at firrtl.Utils$.time(Utils.scala:181)
[2025-09-13 17:41:11] [error] 	at firrtl.options.DependencyManager.$anonfun$transform$3(DependencyManager.scala:280)
[2025-09-13 17:41:11] [error] 	at scala.collection.LinearSeqOptimized.foldLeft(LinearSeqOptimized.scala:126)
[2025-09-13 17:41:11] [error] 	at scala.collection.LinearSeqOptimized.foldLeft$(LinearSeqOptimized.scala:122)
[2025-09-13 17:41:11] [error] 	at scala.collection.immutable.List.foldLeft(List.scala:89)
[2025-09-13 17:41:11] [error] 	at firrtl.options.DependencyManager.transform(DependencyManager.scala:269)
[2025-09-13 17:41:11] [error] 	at firrtl.options.DependencyManager.transform$(DependencyManager.scala:255)
[2025-09-13 17:41:11] [error] 	at firrtl.options.PhaseManager.transform(DependencyManager.scala:443)
[2025-09-13 17:41:11] [error] 	at chisel3.stage.ChiselStage.run(ChiselStage.scala:45)
[2025-09-13 17:41:11] [error] 	at firrtl.options.Stage$$anon$1.transform(Stage.scala:43)
[2025-09-13 17:41:11] [error] 	at firrtl.options.Stage$$anon$1.transform(Stage.scala:43)
[2025-09-13 17:41:11] [error] 	at firrtl.options.phases.DeletedWrapper.internalTransform(DeletedWrapper.scala:38)
[2025-09-13 17:41:11] [error] 	at firrtl.options.phases.DeletedWrapper.internalTransform(DeletedWrapper.scala:15)
[2025-09-13 17:41:11] [error] 	at firrtl.options.Translator.transform(Phase.scala:248)
[2025-09-13 17:41:11] [error] 	at firrtl.options.Translator.transform$(Phase.scala:248)
[2025-09-13 17:41:11] [error] 	at firrtl.options.phases.DeletedWrapper.transform(DeletedWrapper.scala:15)
[2025-09-13 17:41:11] [error] 	at firrtl.options.Stage.$anonfun$transform$5(Stage.scala:47)
[2025-09-13 17:41:11] [error] 	at scala.collection.LinearSeqOptimized.foldLeft(LinearSeqOptimized.scala:126)
[2025-09-13 17:41:11] [error] 	at scala.collection.LinearSeqOptimized.foldLeft$(LinearSeqOptimized.scala:122)
[2025-09-13 17:41:11] [error] 	at scala.collection.immutable.List.foldLeft(List.scala:89)
[2025-09-13 17:41:11] [error] 	at firrtl.options.Stage.$anonfun$transform$3(Stage.scala:47)
[2025-09-13 17:41:11] [error] 	at logger.Logger$.$anonfun$makeScope$2(Logger.scala:137)
[2025-09-13 17:41:11] [error] 	at scala.util.DynamicVariable.withValue(DynamicVariable.scala:62)
[2025-09-13 17:41:11] [error] 	at logger.Logger$.makeScope(Logger.scala:135)
[2025-09-13 17:41:11] [error] 	at firrtl.options.Stage.transform(Stage.scala:47)
[2025-09-13 17:41:11] [error] 	at firrtl.options.Stage.execute(Stage.scala:58)
[2025-09-13 17:41:11] [error] 	at firrtl.options.StageMain.main(Stage.scala:71)
[2025-09-13 17:41:11] [error] 	at chipyard.Generator.main(Generator.scala)
[2025-09-13 17:41:11] [error] 	at java.base/jdk.internal.reflect.NativeMethodAccessorImpl.invoke0(Native Method)
[2025-09-13 17:41:11] [error] 	at java.base/jdk.internal.reflect.NativeMethodAccessorImpl.invoke(NativeMethodAccessorImpl.java:77)
[2025-09-13 17:41:11] [error] 	at java.base/jdk.internal.reflect.DelegatingMethodAccessorImpl.invoke(DelegatingMethodAccessorImpl.java:43)
[2025-09-13 17:41:11] [error] 	at java.base/java.lang.reflect.Method.invoke(Method.java:568)
[2025-09-13 17:41:11] [error] Caused by: java.lang.ClassNotFoundException: firesim.firesim.FireSimV1S2C0L3
[2025-09-13 17:41:11] [error] 	at java.base/java.net.URLClassLoader.findClass(URLClassLoader.java:445)
[2025-09-13 17:41:11] [error] stack trace is suppressed; run 'last Compile / bgRunMain' for the full output
[2025-09-13 17:41:12] [error] Nonzero exit code: 1
[2025-09-13 17:41:12] [error] (Compile / runMain) Nonzero exit code: 1
[2025-09-13 17:41:12] [error] Total time: 16 s, completed 13 Sept 2025, 17:41:12
[2025-09-13 17:41:12] make: *** [/cluster/home/eirikwit/vortex-gpgpu/chipyard/sims/firesim/sim/src/main/makefrag/firesim/Makefrag:47: /cluster/home/eirikwit/vortex-gpgpu/chipyard/sims/firesim/sim/generated-src/alveo/FireSim-FireSimV1S2C0L3-BaseF1Config1Mem_F25MHz/firesim.firesim.FireSim.FireSimV1S2C0L3.fir] Error 1
