[2025-09-12 22:12:36] Running with RISCV=/cluster/home/eirikwit/vortex-gpgpu/chipyard/.conda-env/riscv-tools
[2025-09-12 22:12:44] mkdir -p /cluster/home/eirikwit/vortex-gpgpu/chipyard/sims/firesim/sim/generated-src/alveo/FireSim-FireSimV8S1C-BaseF1Config1Mem_F25MHz
[2025-09-12 22:12:44] cd /cluster/home/eirikwit/vortex-gpgpu/chipyard && java -jar /cluster/home/eirikwit/vortex-gpgpu/chipyard/generators/rocket-chip/sbt-launch.jar  ";project firechip; runMain chipyard.Generator  --target-dir /cluster/home/eirikwit/vortex-gpgpu/chipyard/sims/firesim/sim/generated-src/alveo/FireSim-FireSimV8S1C-BaseF1Config1Mem_F25MHz --name firesim.firesim.FireSim.FireSimV8S1C --top-module firesim.firesim.FireSim --legacy-configs firesim.firesim:FireSimV8S1C"
[2025-09-12 22:12:45] Picked up JAVA_TOOL_OPTIONS: -Xmx128G -Xss8M -Djava.io.tmpdir=/cluster/home/eirikwit/vortex-gpgpu/chipyard/.java_tmp
[2025-09-12 22:12:47] Waiting for lock on /cluster/home/eirikwit/.sbt/boot/sbt.boot.lock to be available...
[2025-09-12 22:12:49] WARNING: A terminally deprecated method in java.lang.System has been called
[2025-09-12 22:12:49] WARNING: System::setSecurityManager has been called by sbt.TrapExit$ (file:/cluster/home/eirikwit/.sbt/boot/scala-2.12.14/org.scala-sbt/sbt/1.5.5/run_2.12-1.5.5.jar)
[2025-09-12 22:12:49] WARNING: Please consider reporting this to the maintainers of sbt.TrapExit$
[2025-09-12 22:12:49] WARNING: System::setSecurityManager will be removed in a future release
[2025-09-12 22:12:49] [info] welcome to sbt 1.5.5 (N/A Java 17.0.3-internal)
[2025-09-12 22:12:50] [info] loading project definition from /cluster/home/eirikwit/vortex-gpgpu/chipyard/project/project/project
[2025-09-12 22:12:51] [info] loading project definition from /cluster/home/eirikwit/vortex-gpgpu/chipyard/project/project
[2025-09-12 22:12:51] [info] loading settings for project chipyard-build from plugins.sbt ...
[2025-09-12 22:12:51] [info] loading project definition from /cluster/home/eirikwit/vortex-gpgpu/chipyard/project
[2025-09-12 22:12:51] [info] loading settings for project chipyardRoot from build.sbt ...
[2025-09-12 22:12:51] [info] loading settings for project hardfloat from build.sbt ...
[2025-09-12 22:12:51] [info] loading settings for project rocketConfig from build.sbt ...
[2025-09-12 22:12:51] [info] loading settings for project testchipip from build.sbt ...
[2025-09-12 22:12:51] [info] loading settings for project constellation from build.sbt ...
[2025-09-12 22:12:51] [info] loading settings for project icenet from build.sbt ...
[2025-09-12 22:12:51] [info] loading settings for project hwacha from build.sbt ...
[2025-09-12 22:12:52] [info] loading settings for project boom from build.sbt ...
[2025-09-12 22:12:52] [info] loading settings for project cva6 from build.sbt ...
[2025-09-12 22:12:52] [info] loading settings for project ibex from build.sbt ...
[2025-09-12 22:12:52] [info] loading settings for project sodor from build.sbt ...
[2025-09-12 22:12:52] [info] loading settings for project gemmini from build.sbt ...
[2025-09-12 22:12:52] [info] loading settings for project tapeout from build.sbt ...
[2025-09-12 22:12:52] [info] loading settings for project vortex from build.sbt ...
[2025-09-12 22:12:52] [info] loading settings for project sim-build from plugins.sbt ...
[2025-09-12 22:12:52] [info] loading project definition from /cluster/home/eirikwit/vortex-gpgpu/chipyard/sims/firesim/sim/project
[2025-09-12 22:12:52] [info] loading settings for project firesim from build.sbt ...
[2025-09-12 22:12:52] [info] loading settings for project targetutils from build.sbt ...
[2025-09-12 22:12:52] [info] loading settings for project midas from build.sbt ...
[2025-09-12 22:12:52] [info] resolving key references (37744 settings) ...
[2025-09-12 22:13:05] [info] set current project to chipyardRoot (in build file:/cluster/home/eirikwit/vortex-gpgpu/chipyard/)
[2025-09-12 22:13:05] [info] set current project to firechip (in build file:/cluster/home/eirikwit/vortex-gpgpu/chipyard/)
[2025-09-12 22:13:05] Waiting for lock on /cluster/home/eirikwit/.ivy2/.sbt.ivy.lock to be available...
[2025-09-12 22:13:05] Waiting for lock on /cluster/home/eirikwit/.ivy2/.sbt.ivy.lock to be available...
[2025-09-12 22:13:05] Waiting for lock on /cluster/home/eirikwit/.ivy2/.sbt.ivy.lock to be available...
[2025-09-12 22:13:05] Waiting for lock on /cluster/home/eirikwit/.ivy2/.sbt.ivy.lock to be available...
[2025-09-12 22:13:05] Waiting for lock on /cluster/home/eirikwit/.ivy2/.sbt.ivy.lock to be available...
[2025-09-12 22:13:06] Waiting for lock on /cluster/home/eirikwit/.ivy2/.sbt.ivy.lock to be available...
[2025-09-12 22:13:06] Waiting for lock on /cluster/home/eirikwit/.ivy2/.sbt.ivy.lock to be available...
[2025-09-12 22:13:06] Waiting for lock on /cluster/home/eirikwit/.ivy2/.sbt.ivy.lock to be available...
[2025-09-12 22:13:06] Waiting for lock on /cluster/home/eirikwit/.ivy2/.sbt.ivy.lock to be available...
[2025-09-12 22:13:06] Waiting for lock on /cluster/home/eirikwit/.ivy2/.sbt.ivy.lock to be available...
[2025-09-12 22:13:06] Waiting for lock on /cluster/home/eirikwit/.ivy2/.sbt.ivy.lock to be available...
[2025-09-12 22:13:06] Waiting for lock on /cluster/home/eirikwit/.ivy2/.sbt.ivy.lock to be available...
[2025-09-12 22:13:06] Waiting for lock on /cluster/home/eirikwit/.ivy2/.sbt.ivy.lock to be available...
[2025-09-12 22:13:06] Waiting for lock on /cluster/home/eirikwit/.ivy2/.sbt.ivy.lock to be available...
[2025-09-12 22:13:06] Waiting for lock on /cluster/home/eirikwit/.ivy2/.sbt.ivy.lock to be available...
[2025-09-12 22:13:06] Waiting for lock on /cluster/home/eirikwit/.ivy2/.sbt.ivy.lock to be available...
[2025-09-12 22:13:06] Waiting for lock on /cluster/home/eirikwit/.ivy2/.sbt.ivy.lock to be available...
[2025-09-12 22:13:06] Waiting for lock on /cluster/home/eirikwit/.ivy2/.sbt.ivy.lock to be available...
[2025-09-12 22:13:06] Waiting for lock on /cluster/home/eirikwit/.ivy2/.sbt.ivy.lock to be available...
[2025-09-12 22:13:06] Waiting for lock on /cluster/home/eirikwit/.ivy2/.sbt.ivy.lock to be available...
[2025-09-12 22:13:06] Waiting for lock on /cluster/home/eirikwit/.ivy2/.sbt.ivy.lock to be available...
[2025-09-12 22:13:06] Waiting for lock on /cluster/home/eirikwit/.ivy2/.sbt.ivy.lock to be available...
[2025-09-12 22:13:06] Waiting for lock on /cluster/home/eirikwit/.ivy2/.sbt.ivy.lock to be available...
[2025-09-12 22:13:06] Waiting for lock on /cluster/home/eirikwit/.ivy2/.sbt.ivy.lock to be available...
[2025-09-12 22:13:06] Waiting for lock on /cluster/home/eirikwit/.ivy2/.sbt.ivy.lock to be available...
[2025-09-12 22:13:06] Waiting for lock on /cluster/home/eirikwit/.ivy2/.sbt.ivy.lock to be available...
[2025-09-12 22:13:06] Waiting for lock on /cluster/home/eirikwit/.ivy2/.sbt.ivy.lock to be available...
[2025-09-12 22:13:06] Waiting for lock on /cluster/home/eirikwit/.ivy2/.sbt.ivy.lock to be available...
[2025-09-12 22:13:06] Waiting for lock on /cluster/home/eirikwit/.ivy2/.sbt.ivy.lock to be available...
[2025-09-12 22:13:06] Waiting for lock on /cluster/home/eirikwit/.ivy2/.sbt.ivy.lock to be available...
[2025-09-12 22:13:06] Waiting for lock on /cluster/home/eirikwit/.ivy2/.sbt.ivy.lock to be available...
[2025-09-12 22:13:06] Waiting for lock on /cluster/home/eirikwit/.ivy2/.sbt.ivy.lock to be available...
[2025-09-12 22:13:06] Waiting for lock on /cluster/home/eirikwit/.ivy2/.sbt.ivy.lock to be available...
[2025-09-12 22:13:06] Waiting for lock on /cluster/home/eirikwit/.ivy2/.sbt.ivy.lock to be available...
[2025-09-12 22:13:06] Waiting for lock on /cluster/home/eirikwit/.ivy2/.sbt.ivy.lock to be available...
[2025-09-12 22:13:06] Waiting for lock on /cluster/home/eirikwit/.ivy2/.sbt.ivy.lock to be available...
[2025-09-12 22:13:06] Waiting for lock on /cluster/home/eirikwit/.ivy2/.sbt.ivy.lock to be available...
[2025-09-12 22:13:06] Waiting for lock on /cluster/home/eirikwit/.ivy2/.sbt.ivy.lock to be available...
[2025-09-12 22:13:06] Waiting for lock on /cluster/home/eirikwit/.ivy2/.sbt.ivy.lock to be available...
[2025-09-12 22:13:06] Waiting for lock on /cluster/home/eirikwit/.ivy2/.sbt.ivy.lock to be available...
[2025-09-12 22:13:06] Waiting for lock on /cluster/home/eirikwit/.ivy2/.sbt.ivy.lock to be available...
[2025-09-12 22:13:06] Waiting for lock on /cluster/home/eirikwit/.ivy2/.sbt.ivy.lock to be available...
[2025-09-12 22:13:06] Waiting for lock on /cluster/home/eirikwit/.ivy2/.sbt.ivy.lock to be available...
[2025-09-12 22:13:06] Waiting for lock on /cluster/home/eirikwit/.ivy2/.sbt.ivy.lock to be available...
[2025-09-12 22:13:06] Waiting for lock on /cluster/home/eirikwit/.ivy2/.sbt.ivy.lock to be available...
[2025-09-12 22:13:06] Waiting for lock on /cluster/home/eirikwit/.ivy2/.sbt.ivy.lock to be available...
[2025-09-12 22:13:06] Waiting for lock on /cluster/home/eirikwit/.ivy2/.sbt.ivy.lock to be available...
[2025-09-12 22:13:06] Waiting for lock on /cluster/home/eirikwit/.ivy2/.sbt.ivy.lock to be available...
[2025-09-12 22:13:06] Waiting for lock on /cluster/home/eirikwit/.ivy2/.sbt.ivy.lock to be available...
[2025-09-12 22:13:06] Waiting for lock on /cluster/home/eirikwit/.ivy2/.sbt.ivy.lock to be available...
[2025-09-12 22:13:06] Waiting for lock on /cluster/home/eirikwit/.ivy2/.sbt.ivy.lock to be available...
[2025-09-12 22:13:06] Waiting for lock on /cluster/home/eirikwit/.ivy2/.sbt.ivy.lock to be available...
[2025-09-12 22:13:06] Waiting for lock on /cluster/home/eirikwit/.ivy2/.sbt.ivy.lock to be available...
[2025-09-12 22:13:06] Waiting for lock on /cluster/home/eirikwit/.ivy2/.sbt.ivy.lock to be available...
[2025-09-12 22:13:06] Waiting for lock on /cluster/home/eirikwit/.ivy2/.sbt.ivy.lock to be available...
[2025-09-12 22:13:06] Waiting for lock on /cluster/home/eirikwit/.ivy2/.sbt.ivy.lock to be available...
[2025-09-12 22:13:06] Waiting for lock on /cluster/home/eirikwit/.ivy2/.sbt.ivy.lock to be available...
[2025-09-12 22:13:06] Waiting for lock on /cluster/home/eirikwit/.ivy2/.sbt.ivy.lock to be available...
[2025-09-12 22:13:06] Waiting for lock on /cluster/home/eirikwit/.ivy2/.sbt.ivy.lock to be available...
[2025-09-12 22:13:06] Waiting for lock on /cluster/home/eirikwit/.ivy2/.sbt.ivy.lock to be available...
[2025-09-12 22:13:06] Waiting for lock on /cluster/home/eirikwit/.ivy2/.sbt.ivy.lock to be available...
[2025-09-12 22:13:06] Waiting for lock on /cluster/home/eirikwit/.ivy2/.sbt.ivy.lock to be available...
[2025-09-12 22:13:06] Waiting for lock on /cluster/home/eirikwit/.ivy2/.sbt.ivy.lock to be available...
[2025-09-12 22:13:06] Waiting for lock on /cluster/home/eirikwit/.ivy2/.sbt.ivy.lock to be available...
[2025-09-12 22:13:06] Waiting for lock on /cluster/home/eirikwit/.ivy2/.sbt.ivy.lock to be available...
[2025-09-12 22:13:06] Waiting for lock on /cluster/home/eirikwit/.ivy2/.sbt.ivy.lock to be available...
[2025-09-12 22:13:06] Waiting for lock on /cluster/home/eirikwit/.ivy2/.sbt.ivy.lock to be available...
[2025-09-12 22:13:06] Waiting for lock on /cluster/home/eirikwit/.ivy2/.sbt.ivy.lock to be available...
[2025-09-12 22:13:06] Waiting for lock on /cluster/home/eirikwit/.ivy2/.sbt.ivy.lock to be available...
[2025-09-12 22:13:06] Waiting for lock on /cluster/home/eirikwit/.ivy2/.sbt.ivy.lock to be available...
[2025-09-12 22:13:06] Waiting for lock on /cluster/home/eirikwit/.ivy2/.sbt.ivy.lock to be available...
[2025-09-12 22:13:06] Waiting for lock on /cluster/home/eirikwit/.ivy2/.sbt.ivy.lock to be available...
[2025-09-12 22:13:06] Waiting for lock on /cluster/home/eirikwit/.ivy2/.sbt.ivy.lock to be available...
[2025-09-12 22:13:06] Waiting for lock on /cluster/home/eirikwit/.ivy2/.sbt.ivy.lock to be available...
[2025-09-12 22:13:06] Waiting for lock on /cluster/home/eirikwit/.ivy2/.sbt.ivy.lock to be available...
[2025-09-12 22:13:06] Waiting for lock on /cluster/home/eirikwit/.ivy2/.sbt.ivy.lock to be available...
[2025-09-12 22:13:06] Waiting for lock on /cluster/home/eirikwit/.ivy2/.sbt.ivy.lock to be available...
[2025-09-12 22:13:06] Waiting for lock on /cluster/home/eirikwit/.ivy2/.sbt.ivy.lock to be available...
[2025-09-12 22:13:06] Waiting for lock on /cluster/home/eirikwit/.ivy2/.sbt.ivy.lock to be available...
[2025-09-12 22:13:07] Waiting for lock on /cluster/home/eirikwit/.ivy2/.sbt.ivy.lock to be available...
[2025-09-12 22:13:07] Waiting for lock on /cluster/home/eirikwit/.ivy2/.sbt.ivy.lock to be available...
[2025-09-12 22:13:07] Waiting for lock on /cluster/home/eirikwit/.ivy2/.sbt.ivy.lock to be available...
[2025-09-12 22:13:07] Waiting for lock on /cluster/home/eirikwit/.ivy2/.sbt.ivy.lock to be available...
[2025-09-12 22:13:07] Waiting for lock on /cluster/home/eirikwit/.ivy2/.sbt.ivy.lock to be available...
[2025-09-12 22:13:07] Waiting for lock on /cluster/home/eirikwit/.ivy2/.sbt.ivy.lock to be available...
[2025-09-12 22:13:07] Waiting for lock on /cluster/home/eirikwit/.ivy2/.sbt.ivy.lock to be available...
[2025-09-12 22:13:07] Waiting for lock on /cluster/home/eirikwit/.ivy2/.sbt.ivy.lock to be available...
[2025-09-12 22:13:07] Waiting for lock on /cluster/home/eirikwit/.ivy2/.sbt.ivy.lock to be available...
[2025-09-12 22:13:07] Waiting for lock on /cluster/home/eirikwit/.ivy2/.sbt.ivy.lock to be available...
[2025-09-12 22:13:07] Waiting for lock on /cluster/home/eirikwit/.ivy2/.sbt.ivy.lock to be available...
[2025-09-12 22:13:07] Waiting for lock on /cluster/home/eirikwit/.ivy2/.sbt.ivy.lock to be available...
[2025-09-12 22:13:07] Waiting for lock on /cluster/home/eirikwit/.ivy2/.sbt.ivy.lock to be available...
[2025-09-12 22:13:07] Waiting for lock on /cluster/home/eirikwit/.ivy2/.sbt.ivy.lock to be available...
[2025-09-12 22:13:07] Waiting for lock on /cluster/home/eirikwit/.ivy2/.sbt.ivy.lock to be available...
[2025-09-12 22:13:07] Waiting for lock on /cluster/home/eirikwit/.ivy2/.sbt.ivy.lock to be available...
[2025-09-12 22:13:07] Waiting for lock on /cluster/home/eirikwit/.ivy2/.sbt.ivy.lock to be available...
[2025-09-12 22:13:07] Waiting for lock on /cluster/home/eirikwit/.ivy2/.sbt.ivy.lock to be available...
[2025-09-12 22:13:07] Waiting for lock on /cluster/home/eirikwit/.ivy2/.sbt.ivy.lock to be available...
[2025-09-12 22:13:07] Waiting for lock on /cluster/home/eirikwit/.ivy2/.sbt.ivy.lock to be available...
[2025-09-12 22:13:07] Waiting for lock on /cluster/home/eirikwit/.ivy2/.sbt.ivy.lock to be available...
[2025-09-12 22:13:07] Waiting for lock on /cluster/home/eirikwit/.ivy2/.sbt.ivy.lock to be available...
[2025-09-12 22:13:07] Waiting for lock on /cluster/home/eirikwit/.ivy2/.sbt.ivy.lock to be available...
[2025-09-12 22:13:07] Waiting for lock on /cluster/home/eirikwit/.ivy2/.sbt.ivy.lock to be available...
[2025-09-12 22:13:07] Waiting for lock on /cluster/home/eirikwit/.ivy2/.sbt.ivy.lock to be available...
[2025-09-12 22:13:07] Waiting for lock on /cluster/home/eirikwit/.ivy2/.sbt.ivy.lock to be available...
[2025-09-12 22:13:07] Waiting for lock on /cluster/home/eirikwit/.ivy2/.sbt.ivy.lock to be available...
[2025-09-12 22:13:07] Waiting for lock on /cluster/home/eirikwit/.ivy2/.sbt.ivy.lock to be available...
[2025-09-12 22:13:07] Waiting for lock on /cluster/home/eirikwit/.ivy2/.sbt.ivy.lock to be available...
[2025-09-12 22:13:07] Waiting for lock on /cluster/home/eirikwit/.ivy2/.sbt.ivy.lock to be available...
[2025-09-12 22:13:07] Waiting for lock on /cluster/home/eirikwit/.ivy2/.sbt.ivy.lock to be available...
[2025-09-12 22:13:07] Waiting for lock on /cluster/home/eirikwit/.ivy2/.sbt.ivy.lock to be available...
[2025-09-12 22:13:07] Waiting for lock on /cluster/home/eirikwit/.ivy2/.sbt.ivy.lock to be available...
[2025-09-12 22:13:07] Waiting for lock on /cluster/home/eirikwit/.ivy2/.sbt.ivy.lock to be available...
[2025-09-12 22:13:07] Waiting for lock on /cluster/home/eirikwit/.ivy2/.sbt.ivy.lock to be available...
[2025-09-12 22:13:07] Waiting for lock on /cluster/home/eirikwit/.ivy2/.sbt.ivy.lock to be available...
[2025-09-12 22:13:07] Waiting for lock on /cluster/home/eirikwit/.ivy2/.sbt.ivy.lock to be available...
[2025-09-12 22:13:07] Waiting for lock on /cluster/home/eirikwit/.ivy2/.sbt.ivy.lock to be available...
[2025-09-12 22:13:07] Waiting for lock on /cluster/home/eirikwit/.ivy2/.sbt.ivy.lock to be available...
[2025-09-12 22:13:07] Waiting for lock on /cluster/home/eirikwit/.ivy2/.sbt.ivy.lock to be available...
[2025-09-12 22:13:07] Waiting for lock on /cluster/home/eirikwit/.ivy2/.sbt.ivy.lock to be available...
[2025-09-12 22:13:07] Waiting for lock on /cluster/home/eirikwit/.ivy2/.sbt.ivy.lock to be available...
[2025-09-12 22:13:07] Waiting for lock on /cluster/home/eirikwit/.ivy2/.sbt.ivy.lock to be available...
[2025-09-12 22:13:07] Waiting for lock on /cluster/home/eirikwit/.ivy2/.sbt.ivy.lock to be available...
[2025-09-12 22:13:07] Waiting for lock on /cluster/home/eirikwit/.ivy2/.sbt.ivy.lock to be available...
[2025-09-12 22:13:07] Waiting for lock on /cluster/home/eirikwit/.ivy2/.sbt.ivy.lock to be available...
[2025-09-12 22:13:07] Waiting for lock on /cluster/home/eirikwit/.ivy2/.sbt.ivy.lock to be available...
[2025-09-12 22:13:07] Waiting for lock on /cluster/home/eirikwit/.ivy2/.sbt.ivy.lock to be available...
[2025-09-12 22:13:07] Waiting for lock on /cluster/home/eirikwit/.ivy2/.sbt.ivy.lock to be available...
[2025-09-12 22:13:07] Waiting for lock on /cluster/home/eirikwit/.ivy2/.sbt.ivy.lock to be available...
[2025-09-12 22:13:07] Waiting for lock on /cluster/home/eirikwit/.ivy2/.sbt.ivy.lock to be available...
[2025-09-12 22:13:07] Waiting for lock on /cluster/home/eirikwit/.ivy2/.sbt.ivy.lock to be available...
[2025-09-12 22:13:07] Waiting for lock on /cluster/home/eirikwit/.ivy2/.sbt.ivy.lock to be available...
[2025-09-12 22:13:07] Waiting for lock on /cluster/home/eirikwit/.ivy2/.sbt.ivy.lock to be available...
[2025-09-12 22:13:07] Waiting for lock on /cluster/home/eirikwit/.ivy2/.sbt.ivy.lock to be available...
[2025-09-12 22:13:07] Waiting for lock on /cluster/home/eirikwit/.ivy2/.sbt.ivy.lock to be available...
[2025-09-12 22:13:07] Waiting for lock on /cluster/home/eirikwit/.ivy2/.sbt.ivy.lock to be available...
[2025-09-12 22:13:07] Waiting for lock on /cluster/home/eirikwit/.ivy2/.sbt.ivy.lock to be available...
[2025-09-12 22:13:07] Waiting for lock on /cluster/home/eirikwit/.ivy2/.sbt.ivy.lock to be available...
[2025-09-12 22:13:07] Waiting for lock on /cluster/home/eirikwit/.ivy2/.sbt.ivy.lock to be available...
[2025-09-12 22:13:07] Waiting for lock on /cluster/home/eirikwit/.ivy2/.sbt.ivy.lock to be available...
[2025-09-12 22:13:07] Waiting for lock on /cluster/home/eirikwit/.ivy2/.sbt.ivy.lock to be available...
[2025-09-12 22:13:07] Waiting for lock on /cluster/home/eirikwit/.ivy2/.sbt.ivy.lock to be available...
[2025-09-12 22:13:07] Waiting for lock on /cluster/home/eirikwit/.ivy2/.sbt.ivy.lock to be available...
[2025-09-12 22:13:07] Waiting for lock on /cluster/home/eirikwit/.ivy2/.sbt.ivy.lock to be available...
[2025-09-12 22:13:07] Waiting for lock on /cluster/home/eirikwit/.ivy2/.sbt.ivy.lock to be available...
[2025-09-12 22:13:07] Waiting for lock on /cluster/home/eirikwit/.ivy2/.sbt.ivy.lock to be available...
[2025-09-12 22:13:07] Waiting for lock on /cluster/home/eirikwit/.ivy2/.sbt.ivy.lock to be available...
[2025-09-12 22:13:07] Waiting for lock on /cluster/home/eirikwit/.ivy2/.sbt.ivy.lock to be available...
[2025-09-12 22:13:07] Waiting for lock on /cluster/home/eirikwit/.ivy2/.sbt.ivy.lock to be available...
[2025-09-12 22:13:07] Waiting for lock on /cluster/home/eirikwit/.ivy2/.sbt.ivy.lock to be available...
[2025-09-12 22:13:07] Waiting for lock on /cluster/home/eirikwit/.ivy2/.sbt.ivy.lock to be available...
[2025-09-12 22:13:07] Waiting for lock on /cluster/home/eirikwit/.ivy2/.sbt.ivy.lock to be available...
[2025-09-12 22:13:07] Waiting for lock on /cluster/home/eirikwit/.ivy2/.sbt.ivy.lock to be available...
[2025-09-12 22:13:24] [error] ## Exception when compiling 49 sources to /cluster/home/eirikwit/vortex-gpgpu/chipyard/generators/chipyard/target/scala-2.12/classes
[2025-09-12 22:13:24] [error] java.lang.RuntimeException: Error opening zip file: nvdla_2.12-1.6.jar
[2025-09-12 22:13:24] [error] sbt.internal.inc.Locate$JarDefinesClass.liftedTree1$1(Locate.scala:107)
[2025-09-12 22:13:24] [error] sbt.internal.inc.Locate$JarDefinesClass.<init>(Locate.scala:102)
[2025-09-12 22:13:24] [error] sbt.internal.inc.Locate$.definesClass(Locate.scala:88)
[2025-09-12 22:13:24] [error] sbt.internal.VirtualFileValueCache$.$anonfun$definesClassCache$1(VirtualFileValueCache.scala:29)
[2025-09-12 22:13:24] [error] sbt.internal.VirtualFileValueCache0$VirtualFileCache.update(VirtualFileValueCache.scala:72)
[2025-09-12 22:13:24] [error] sbt.internal.VirtualFileValueCache0$VirtualFileCache.get(VirtualFileValueCache.scala:67)
[2025-09-12 22:13:24] [error] sbt.internal.VirtualFileValueCache0.$anonfun$get$1(VirtualFileValueCache.scala:58)
[2025-09-12 22:13:24] [error] sbt.Defaults$$anon$6.definesClass(Defaults.scala:2383)
[2025-09-12 22:13:24] [error] sbt.internal.inc.Locate$.$anonfun$entry$1(Locate.scala:60)
[2025-09-12 22:13:24] [error] scala.collection.Iterator$$anon$10.next(Iterator.scala:461)
[2025-09-12 22:13:24] [error] scala.collection.TraversableOnce.collectFirst(TraversableOnce.scala:180)
[2025-09-12 22:13:24] [error] scala.collection.TraversableOnce.collectFirst$(TraversableOnce.scala:167)
[2025-09-12 22:13:24] [error] scala.collection.AbstractIterator.collectFirst(Iterator.scala:1431)
[2025-09-12 22:13:24] [error] sbt.internal.inc.Locate$.$anonfun$entry$2(Locate.scala:67)
[2025-09-12 22:13:24] [error] sbt.internal.inc.LookupImpl.lookupOnClasspath(LookupImpl.scala:51)
[2025-09-12 22:13:24] [error] sbt.internal.inc.IncrementalCommon$.$anonfun$isLibraryModified$3(IncrementalCommon.scala:764)
[2025-09-12 22:13:24] [error] sbt.internal.inc.IncrementalCommon$.$anonfun$isLibraryModified$3$adapted(IncrementalCommon.scala:754)
[2025-09-12 22:13:24] [error] scala.collection.Iterator.exists(Iterator.scala:969)
[2025-09-12 22:13:24] [error] scala.collection.Iterator.exists$(Iterator.scala:967)
[2025-09-12 22:13:24] [error] scala.collection.AbstractIterator.exists(Iterator.scala:1431)
[2025-09-12 22:13:24] [error] scala.collection.IterableLike.exists(IterableLike.scala:79)
[2025-09-12 22:13:24] [error] scala.collection.IterableLike.exists$(IterableLike.scala:78)
[2025-09-12 22:13:24] [error] scala.collection.AbstractIterable.exists(Iterable.scala:56)
[2025-09-12 22:13:24] [error] sbt.internal.inc.IncrementalCommon$.isLibraryChanged$1(IncrementalCommon.scala:754)
[2025-09-12 22:13:24] [error] sbt.internal.inc.IncrementalCommon$.$anonfun$isLibraryModified$1(IncrementalCommon.scala:774)
[2025-09-12 22:13:24] [error] sbt.internal.inc.IncrementalCommon$.$anonfun$isLibraryModified$1$adapted(IncrementalCommon.scala:732)
[2025-09-12 22:13:24] [error] scala.collection.parallel.AugmentedIterableIterator.filter2combiner(RemainsIterator.scala:149)
[2025-09-12 22:13:24] [error] scala.collection.parallel.AugmentedIterableIterator.filter2combiner$(RemainsIterator.scala:146)
[2025-09-12 22:13:24] [error] scala.collection.parallel.immutable.ParVector$ParVectorIterator.filter2combiner(ParVector.scala:66)
[2025-09-12 22:13:24] [error] scala.collection.parallel.ParIterableLike$Filter.leaf(ParIterableLike.scala:1119)
[2025-09-12 22:13:24] [error] scala.collection.parallel.Task.$anonfun$tryLeaf$1(Tasks.scala:53)
[2025-09-12 22:13:24] [error] scala.runtime.java8.JFunction0$mcV$sp.apply(JFunction0$mcV$sp.java:23)
[2025-09-12 22:13:24] [error] scala.util.control.Breaks$$anon$1.catchBreak(Breaks.scala:67)
[2025-09-12 22:13:24] [error] scala.collection.parallel.Task.tryLeaf(Tasks.scala:56)
[2025-09-12 22:13:24] [error] scala.collection.parallel.Task.tryLeaf$(Tasks.scala:50)
[2025-09-12 22:13:24] [error] scala.collection.parallel.ParIterableLike$Filter.tryLeaf(ParIterableLike.scala:1115)
[2025-09-12 22:13:24] [error] scala.collection.parallel.AdaptiveWorkStealingTasks$WrappedTask.internal(Tasks.scala:160)
[2025-09-12 22:13:24] [error] scala.collection.parallel.AdaptiveWorkStealingTasks$WrappedTask.internal$(Tasks.scala:157)
[2025-09-12 22:13:24] [error] scala.collection.parallel.AdaptiveWorkStealingForkJoinTasks$WrappedTask.internal(Tasks.scala:440)
[2025-09-12 22:13:24] [error] scala.collection.parallel.AdaptiveWorkStealingTasks$WrappedTask.compute(Tasks.scala:150)
[2025-09-12 22:13:24] [error] scala.collection.parallel.AdaptiveWorkStealingTasks$WrappedTask.compute$(Tasks.scala:149)
[2025-09-12 22:13:24] [error] scala.collection.parallel.AdaptiveWorkStealingForkJoinTasks$WrappedTask.compute(Tasks.scala:440)
[2025-09-12 22:13:24] [error] java.base/java.util.concurrent.RecursiveAction.exec(RecursiveAction.java:194)
[2025-09-12 22:13:24] [error] java.base/java.util.concurrent.ForkJoinTask.doExec(ForkJoinTask.java:373)
[2025-09-12 22:13:24] [error] java.base/java.util.concurrent.ForkJoinTask.awaitDone(ForkJoinTask.java:436)
[2025-09-12 22:13:24] [error] java.base/java.util.concurrent.ForkJoinTask.join(ForkJoinTask.java:670)
[2025-09-12 22:13:24] [error] scala.collection.parallel.ForkJoinTasks$WrappedTask.sync(Tasks.scala:379)
[2025-09-12 22:13:24] [error] scala.collection.parallel.ForkJoinTasks$WrappedTask.sync$(Tasks.scala:379)
[2025-09-12 22:13:24] [error] scala.collection.parallel.AdaptiveWorkStealingForkJoinTasks$WrappedTask.sync(Tasks.scala:440)
[2025-09-12 22:13:24] [error] scala.collection.parallel.ForkJoinTasks.executeAndWaitResult(Tasks.scala:423)
[2025-09-12 22:13:24] [error] scala.collection.parallel.ForkJoinTasks.executeAndWaitResult$(Tasks.scala:416)
[2025-09-12 22:13:24] [error] scala.collection.parallel.ForkJoinTaskSupport.executeAndWaitResult(TaskSupport.scala:60)
[2025-09-12 22:13:24] [error] scala.collection.parallel.ExecutionContextTasks.executeAndWaitResult(Tasks.scala:555)
[2025-09-12 22:13:24] [error] scala.collection.parallel.ExecutionContextTasks.executeAndWaitResult$(Tasks.scala:555)
[2025-09-12 22:13:24] [error] scala.collection.parallel.ExecutionContextTaskSupport.executeAndWaitResult(TaskSupport.scala:84)
[2025-09-12 22:13:24] [error] scala.collection.parallel.ParIterableLike$ResultMapping.leaf(ParIterableLike.scala:968)
[2025-09-12 22:13:24] [error] scala.collection.parallel.Task.$anonfun$tryLeaf$1(Tasks.scala:53)
[2025-09-12 22:13:24] [error] scala.runtime.java8.JFunction0$mcV$sp.apply(JFunction0$mcV$sp.java:23)
[2025-09-12 22:13:24] [error] scala.util.control.Breaks$$anon$1.catchBreak(Breaks.scala:67)
[2025-09-12 22:13:24] [error] scala.collection.parallel.Task.tryLeaf(Tasks.scala:56)
[2025-09-12 22:13:24] [error] scala.collection.parallel.Task.tryLeaf$(Tasks.scala:50)
[2025-09-12 22:13:24] [error] scala.collection.parallel.ParIterableLike$ResultMapping.tryLeaf(ParIterableLike.scala:963)
[2025-09-12 22:13:24] [error] scala.collection.parallel.AdaptiveWorkStealingTasks$WrappedTask.compute(Tasks.scala:153)
[2025-09-12 22:13:24] [error] scala.collection.parallel.AdaptiveWorkStealingTasks$WrappedTask.compute$(Tasks.scala:149)
[2025-09-12 22:13:24] [error] scala.collection.parallel.AdaptiveWorkStealingForkJoinTasks$WrappedTask.compute(Tasks.scala:440)
[2025-09-12 22:13:24] [error] java.base/java.util.concurrent.RecursiveAction.exec(RecursiveAction.java:194)
[2025-09-12 22:13:24] [error] java.base/java.util.concurrent.ForkJoinTask.doExec(ForkJoinTask.java:373)
[2025-09-12 22:13:24] [error] java.base/java.util.concurrent.ForkJoinPool$WorkQueue.topLevelExec(ForkJoinPool.java:1182)
[2025-09-12 22:13:24] [error] java.base/java.util.concurrent.ForkJoinPool.scan(ForkJoinPool.java:1655)
[2025-09-12 22:13:24] [error] java.base/java.util.concurrent.ForkJoinPool.runWorker(ForkJoinPool.java:1622)
[2025-09-12 22:13:24] [error] java.base/java.util.concurrent.ForkJoinWorkerThread.run(ForkJoinWorkerThread.java:165)
[2025-09-12 22:13:24] [error]            
[2025-09-12 22:13:24] [error] java.lang.RuntimeException: Error opening zip file: nvdla_2.12-1.6.jar
[2025-09-12 22:13:24] [error] 	at sbt.internal.inc.Locate$JarDefinesClass.liftedTree1$1(Locate.scala:107)
[2025-09-12 22:13:24] [error] 	at sbt.internal.inc.Locate$JarDefinesClass.<init>(Locate.scala:102)
[2025-09-12 22:13:24] [error] 	at sbt.internal.inc.Locate$.definesClass(Locate.scala:88)
[2025-09-12 22:13:24] [error] 	at sbt.internal.VirtualFileValueCache$.$anonfun$definesClassCache$1(VirtualFileValueCache.scala:29)
[2025-09-12 22:13:24] [error] 	at sbt.internal.VirtualFileValueCache0$VirtualFileCache.update(VirtualFileValueCache.scala:72)
[2025-09-12 22:13:24] [error] 	at sbt.internal.VirtualFileValueCache0$VirtualFileCache.get(VirtualFileValueCache.scala:67)
[2025-09-12 22:13:24] [error] 	at sbt.internal.VirtualFileValueCache0.$anonfun$get$1(VirtualFileValueCache.scala:58)
[2025-09-12 22:13:24] [error] 	at sbt.Defaults$$anon$6.definesClass(Defaults.scala:2383)
[2025-09-12 22:13:24] [error] 	at sbt.internal.inc.Locate$.$anonfun$entry$1(Locate.scala:60)
[2025-09-12 22:13:24] [error] 	at scala.collection.Iterator$$anon$10.next(Iterator.scala:461)
[2025-09-12 22:13:24] [error] 	at scala.collection.TraversableOnce.collectFirst(TraversableOnce.scala:180)
[2025-09-12 22:13:24] [error] 	at scala.collection.TraversableOnce.collectFirst$(TraversableOnce.scala:167)
[2025-09-12 22:13:24] [error] 	at scala.collection.AbstractIterator.collectFirst(Iterator.scala:1431)
[2025-09-12 22:13:24] [error] 	at sbt.internal.inc.Locate$.$anonfun$entry$2(Locate.scala:67)
[2025-09-12 22:13:24] [error] 	at sbt.internal.inc.LookupImpl.lookupOnClasspath(LookupImpl.scala:51)
[2025-09-12 22:13:24] [error] 	at sbt.internal.inc.IncrementalCommon$.$anonfun$isLibraryModified$3(IncrementalCommon.scala:764)
[2025-09-12 22:13:24] [error] 	at sbt.internal.inc.IncrementalCommon$.$anonfun$isLibraryModified$3$adapted(IncrementalCommon.scala:754)
[2025-09-12 22:13:24] [error] 	at scala.collection.Iterator.exists(Iterator.scala:969)
[2025-09-12 22:13:24] [error] 	at scala.collection.Iterator.exists$(Iterator.scala:967)
[2025-09-12 22:13:24] [error] 	at scala.collection.AbstractIterator.exists(Iterator.scala:1431)
[2025-09-12 22:13:24] [error] 	at scala.collection.IterableLike.exists(IterableLike.scala:79)
[2025-09-12 22:13:24] [error] 	at scala.collection.IterableLike.exists$(IterableLike.scala:78)
[2025-09-12 22:13:24] [error] 	at scala.collection.AbstractIterable.exists(Iterable.scala:56)
[2025-09-12 22:13:24] [error] 	at sbt.internal.inc.IncrementalCommon$.isLibraryChanged$1(IncrementalCommon.scala:754)
[2025-09-12 22:13:24] [error] 	at sbt.internal.inc.IncrementalCommon$.$anonfun$isLibraryModified$1(IncrementalCommon.scala:774)
[2025-09-12 22:13:24] [error] 	at sbt.internal.inc.IncrementalCommon$.$anonfun$isLibraryModified$1$adapted(IncrementalCommon.scala:732)
[2025-09-12 22:13:24] [error] 	at scala.collection.parallel.AugmentedIterableIterator.filter2combiner(RemainsIterator.scala:149)
[2025-09-12 22:13:24] [error] 	at scala.collection.parallel.AugmentedIterableIterator.filter2combiner$(RemainsIterator.scala:146)
[2025-09-12 22:13:24] [error] 	at scala.collection.parallel.immutable.ParVector$ParVectorIterator.filter2combiner(ParVector.scala:66)
[2025-09-12 22:13:24] [error] 	at scala.collection.parallel.ParIterableLike$Filter.leaf(ParIterableLike.scala:1119)
[2025-09-12 22:13:24] [error] 	at scala.collection.parallel.Task.$anonfun$tryLeaf$1(Tasks.scala:53)
[2025-09-12 22:13:24] [error] 	at scala.runtime.java8.JFunction0$mcV$sp.apply(JFunction0$mcV$sp.java:23)
[2025-09-12 22:13:24] [error] 	at scala.util.control.Breaks$$anon$1.catchBreak(Breaks.scala:67)
[2025-09-12 22:13:24] [error] 	at scala.collection.parallel.Task.tryLeaf(Tasks.scala:56)
[2025-09-12 22:13:24] [error] 	at scala.collection.parallel.Task.tryLeaf$(Tasks.scala:50)
[2025-09-12 22:13:24] [error] 	at scala.collection.parallel.ParIterableLike$Filter.tryLeaf(ParIterableLike.scala:1115)
[2025-09-12 22:13:24] [error] 	at scala.collection.parallel.AdaptiveWorkStealingTasks$WrappedTask.internal(Tasks.scala:160)
[2025-09-12 22:13:24] [error] 	at scala.collection.parallel.AdaptiveWorkStealingTasks$WrappedTask.internal$(Tasks.scala:157)
[2025-09-12 22:13:24] [error] 	at scala.collection.parallel.AdaptiveWorkStealingForkJoinTasks$WrappedTask.internal(Tasks.scala:440)
[2025-09-12 22:13:24] [error] 	at scala.collection.parallel.AdaptiveWorkStealingTasks$WrappedTask.compute(Tasks.scala:150)
[2025-09-12 22:13:24] [error] 	at scala.collection.parallel.AdaptiveWorkStealingTasks$WrappedTask.compute$(Tasks.scala:149)
[2025-09-12 22:13:24] [error] 	at scala.collection.parallel.AdaptiveWorkStealingForkJoinTasks$WrappedTask.compute(Tasks.scala:440)
[2025-09-12 22:13:24] [error] 	at java.base/java.util.concurrent.RecursiveAction.exec(RecursiveAction.java:194)
[2025-09-12 22:13:24] [error] 	at java.base/java.util.concurrent.ForkJoinTask.doExec(ForkJoinTask.java:373)
[2025-09-12 22:13:24] [error] 	at java.base/java.util.concurrent.ForkJoinTask.awaitDone(ForkJoinTask.java:436)
[2025-09-12 22:13:24] [error] 	at java.base/java.util.concurrent.ForkJoinTask.join(ForkJoinTask.java:670)
[2025-09-12 22:13:24] [error] 	at scala.collection.parallel.ForkJoinTasks$WrappedTask.sync(Tasks.scala:379)
[2025-09-12 22:13:24] [error] 	at scala.collection.parallel.ForkJoinTasks$WrappedTask.sync$(Tasks.scala:379)
[2025-09-12 22:13:24] [error] 	at scala.collection.parallel.AdaptiveWorkStealingForkJoinTasks$WrappedTask.sync(Tasks.scala:440)
[2025-09-12 22:13:24] [error] 	at scala.collection.parallel.ForkJoinTasks.executeAndWaitResult(Tasks.scala:423)
[2025-09-12 22:13:24] [error] 	at scala.collection.parallel.ForkJoinTasks.executeAndWaitResult$(Tasks.scala:416)
[2025-09-12 22:13:24] [error] 	at scala.collection.parallel.ForkJoinTaskSupport.executeAndWaitResult(TaskSupport.scala:60)
[2025-09-12 22:13:24] [error] 	at scala.collection.parallel.ExecutionContextTasks.executeAndWaitResult(Tasks.scala:555)
[2025-09-12 22:13:24] [error] 	at scala.collection.parallel.ExecutionContextTasks.executeAndWaitResult$(Tasks.scala:555)
[2025-09-12 22:13:24] [error] 	at scala.collection.parallel.ExecutionContextTaskSupport.executeAndWaitResult(TaskSupport.scala:84)
[2025-09-12 22:13:24] [error] 	at scala.collection.parallel.ParIterableLike$ResultMapping.leaf(ParIterableLike.scala:968)
[2025-09-12 22:13:24] [error] 	at scala.collection.parallel.Task.$anonfun$tryLeaf$1(Tasks.scala:53)
[2025-09-12 22:13:24] [error] 	at scala.runtime.java8.JFunction0$mcV$sp.apply(JFunction0$mcV$sp.java:23)
[2025-09-12 22:13:24] [error] 	at scala.util.control.Breaks$$anon$1.catchBreak(Breaks.scala:67)
[2025-09-12 22:13:25] [error] 	at scala.collection.parallel.Task.tryLeaf(Tasks.scala:56)
[2025-09-12 22:13:25] [error] 	at scala.collection.parallel.Task.tryLeaf$(Tasks.scala:50)
[2025-09-12 22:13:25] [error] 	at scala.collection.parallel.ParIterableLike$ResultMapping.tryLeaf(ParIterableLike.scala:963)
[2025-09-12 22:13:25] [error] 	at scala.collection.parallel.AdaptiveWorkStealingTasks$WrappedTask.compute(Tasks.scala:153)
[2025-09-12 22:13:25] [error] 	at scala.collection.parallel.AdaptiveWorkStealingTasks$WrappedTask.compute$(Tasks.scala:149)
[2025-09-12 22:13:25] [error] 	at scala.collection.parallel.AdaptiveWorkStealingForkJoinTasks$WrappedTask.compute(Tasks.scala:440)
[2025-09-12 22:13:25] [error] 	at java.base/java.util.concurrent.RecursiveAction.exec(RecursiveAction.java:194)
[2025-09-12 22:13:25] [error] 	at java.base/java.util.concurrent.ForkJoinTask.doExec(ForkJoinTask.java:373)
[2025-09-12 22:13:25] [error] 	at java.base/java.util.concurrent.ForkJoinPool$WorkQueue.topLevelExec(ForkJoinPool.java:1182)
[2025-09-12 22:13:25] [error] 	at java.base/java.util.concurrent.ForkJoinPool.scan(ForkJoinPool.java:1655)
[2025-09-12 22:13:25] [error] 	at java.base/java.util.concurrent.ForkJoinPool.runWorker(ForkJoinPool.java:1622)
[2025-09-12 22:13:25] [error] 	at java.base/java.util.concurrent.ForkJoinWorkerThread.run(ForkJoinWorkerThread.java:165)
[2025-09-12 22:13:25] [error] Caused by: java.util.zip.ZipException: zip END header not found
[2025-09-12 22:13:25] [error] 	at java.base/java.util.zip.ZipFile$Source.findEND(ZipFile.java:1469)
[2025-09-12 22:13:25] [error] 	at java.base/java.util.zip.ZipFile$Source.initCEN(ZipFile.java:1477)
[2025-09-12 22:13:25] [error] 	at java.base/java.util.zip.ZipFile$Source.<init>(ZipFile.java:1315)
[2025-09-12 22:13:25] [error] 	at java.base/java.util.zip.ZipFile$Source.get(ZipFile.java:1277)
[2025-09-12 22:13:25] [error] 	at java.base/java.util.zip.ZipFile$CleanableResource.<init>(ZipFile.java:709)
[2025-09-12 22:13:25] [error] 	at java.base/java.util.zip.ZipFile.<init>(ZipFile.java:243)
[2025-09-12 22:13:25] [error] 	at java.base/java.util.zip.ZipFile.<init>(ZipFile.java:172)
[2025-09-12 22:13:25] [error] 	at sbt.internal.inc.Locate$JarDefinesClass.liftedTree1$1(Locate.scala:103)
[2025-09-12 22:13:25] [error] 	at sbt.internal.inc.Locate$JarDefinesClass.<init>(Locate.scala:102)
[2025-09-12 22:13:25] [error] 	at sbt.internal.inc.Locate$.definesClass(Locate.scala:88)
[2025-09-12 22:13:25] [error] 	at sbt.internal.VirtualFileValueCache$.$anonfun$definesClassCache$1(VirtualFileValueCache.scala:29)
[2025-09-12 22:13:25] [error] 	at sbt.internal.VirtualFileValueCache0$VirtualFileCache.update(VirtualFileValueCache.scala:72)
[2025-09-12 22:13:25] [error] 	at sbt.internal.VirtualFileValueCache0$VirtualFileCache.get(VirtualFileValueCache.scala:67)
[2025-09-12 22:13:25] [error] 	at sbt.internal.VirtualFileValueCache0.$anonfun$get$1(VirtualFileValueCache.scala:58)
[2025-09-12 22:13:25] [error] 	at sbt.Defaults$$anon$6.definesClass(Defaults.scala:2383)
[2025-09-12 22:13:25] [error] 	at sbt.internal.inc.Locate$.$anonfun$entry$1(Locate.scala:60)
[2025-09-12 22:13:25] [error] 	at scala.collection.Iterator$$anon$10.next(Iterator.scala:461)
[2025-09-12 22:13:25] [error] 	at scala.collection.TraversableOnce.collectFirst(TraversableOnce.scala:180)
[2025-09-12 22:13:25] [error] 	at scala.collection.TraversableOnce.collectFirst$(TraversableOnce.scala:167)
[2025-09-12 22:13:25] [error] 	at scala.collection.AbstractIterator.collectFirst(Iterator.scala:1431)
[2025-09-12 22:13:25] [error] 	at sbt.internal.inc.Locate$.$anonfun$entry$2(Locate.scala:67)
[2025-09-12 22:13:25] [error] 	at sbt.internal.inc.LookupImpl.lookupOnClasspath(LookupImpl.scala:51)
[2025-09-12 22:13:25] [error] 	at sbt.internal.inc.IncrementalCommon$.$anonfun$isLibraryModified$3(IncrementalCommon.scala:764)
[2025-09-12 22:13:25] [error] 	at sbt.internal.inc.IncrementalCommon$.$anonfun$isLibraryModified$3$adapted(IncrementalCommon.scala:754)
[2025-09-12 22:13:25] [error] 	at scala.collection.Iterator.exists(Iterator.scala:969)
[2025-09-12 22:13:25] [error] 	at scala.collection.Iterator.exists$(Iterator.scala:967)
[2025-09-12 22:13:25] [error] 	at scala.collection.AbstractIterator.exists(Iterator.scala:1431)
[2025-09-12 22:13:25] [error] 	at scala.collection.IterableLike.exists(IterableLike.scala:79)
[2025-09-12 22:13:25] [error] 	at scala.collection.IterableLike.exists$(IterableLike.scala:78)
[2025-09-12 22:13:25] [error] 	at scala.collection.AbstractIterable.exists(Iterable.scala:56)
[2025-09-12 22:13:25] [error] 	at sbt.internal.inc.IncrementalCommon$.isLibraryChanged$1(IncrementalCommon.scala:754)
[2025-09-12 22:13:25] [error] 	at sbt.internal.inc.IncrementalCommon$.$anonfun$isLibraryModified$1(IncrementalCommon.scala:774)
[2025-09-12 22:13:25] [error] 	at sbt.internal.inc.IncrementalCommon$.$anonfun$isLibraryModified$1$adapted(IncrementalCommon.scala:732)
[2025-09-12 22:13:25] [error] 	at scala.collection.parallel.AugmentedIterableIterator.filter2combiner(RemainsIterator.scala:149)
[2025-09-12 22:13:25] [error] 	at scala.collection.parallel.AugmentedIterableIterator.filter2combiner$(RemainsIterator.scala:146)
[2025-09-12 22:13:25] [error] 	at scala.collection.parallel.immutable.ParVector$ParVectorIterator.filter2combiner(ParVector.scala:66)
[2025-09-12 22:13:25] [error] 	at scala.collection.parallel.ParIterableLike$Filter.leaf(ParIterableLike.scala:1119)
[2025-09-12 22:13:25] [error] 	at scala.collection.parallel.Task.$anonfun$tryLeaf$1(Tasks.scala:53)
[2025-09-12 22:13:25] [error] 	at scala.runtime.java8.JFunction0$mcV$sp.apply(JFunction0$mcV$sp.java:23)
[2025-09-12 22:13:25] [error] 	at scala.util.control.Breaks$$anon$1.catchBreak(Breaks.scala:67)
[2025-09-12 22:13:25] [error] 	at scala.collection.parallel.Task.tryLeaf(Tasks.scala:56)
[2025-09-12 22:13:25] [error] 	at scala.collection.parallel.Task.tryLeaf$(Tasks.scala:50)
[2025-09-12 22:13:25] [error] 	at scala.collection.parallel.ParIterableLike$Filter.tryLeaf(ParIterableLike.scala:1115)
[2025-09-12 22:13:25] [error] 	at scala.collection.parallel.AdaptiveWorkStealingTasks$WrappedTask.internal(Tasks.scala:160)
[2025-09-12 22:13:25] [error] 	at scala.collection.parallel.AdaptiveWorkStealingTasks$WrappedTask.internal$(Tasks.scala:157)
[2025-09-12 22:13:25] [error] 	at scala.collection.parallel.AdaptiveWorkStealingForkJoinTasks$WrappedTask.internal(Tasks.scala:440)
[2025-09-12 22:13:25] [error] 	at scala.collection.parallel.AdaptiveWorkStealingTasks$WrappedTask.compute(Tasks.scala:150)
[2025-09-12 22:13:25] [error] 	at scala.collection.parallel.AdaptiveWorkStealingTasks$WrappedTask.compute$(Tasks.scala:149)
[2025-09-12 22:13:25] [error] 	at scala.collection.parallel.AdaptiveWorkStealingForkJoinTasks$WrappedTask.compute(Tasks.scala:440)
[2025-09-12 22:13:25] [error] 	at java.base/java.util.concurrent.RecursiveAction.exec(RecursiveAction.java:194)
[2025-09-12 22:13:25] [error] 	at java.base/java.util.concurrent.ForkJoinTask.doExec(ForkJoinTask.java:373)
[2025-09-12 22:13:25] [error] 	at java.base/java.util.concurrent.ForkJoinTask.awaitDone(ForkJoinTask.java:436)
[2025-09-12 22:13:25] [error] 	at java.base/java.util.concurrent.ForkJoinTask.join(ForkJoinTask.java:670)
[2025-09-12 22:13:25] [error] 	at scala.collection.parallel.ForkJoinTasks$WrappedTask.sync(Tasks.scala:379)
[2025-09-12 22:13:25] [error] 	at scala.collection.parallel.ForkJoinTasks$WrappedTask.sync$(Tasks.scala:379)
[2025-09-12 22:13:25] [error] 	at scala.collection.parallel.AdaptiveWorkStealingForkJoinTasks$WrappedTask.sync(Tasks.scala:440)
[2025-09-12 22:13:25] [error] 	at scala.collection.parallel.ForkJoinTasks.executeAndWaitResult(Tasks.scala:423)
[2025-09-12 22:13:25] [error] 	at scala.collection.parallel.ForkJoinTasks.executeAndWaitResult$(Tasks.scala:416)
[2025-09-12 22:13:25] [error] 	at scala.collection.parallel.ForkJoinTaskSupport.executeAndWaitResult(TaskSupport.scala:60)
[2025-09-12 22:13:25] [error] 	at scala.collection.parallel.ExecutionContextTasks.executeAndWaitResult(Tasks.scala:555)
[2025-09-12 22:13:25] [error] 	at scala.collection.parallel.ExecutionContextTasks.executeAndWaitResult$(Tasks.scala:555)
[2025-09-12 22:13:25] [error] 	at scala.collection.parallel.ExecutionContextTaskSupport.executeAndWaitResult(TaskSupport.scala:84)
[2025-09-12 22:13:25] [error] 	at scala.collection.parallel.ParIterableLike$ResultMapping.leaf(ParIterableLike.scala:968)
[2025-09-12 22:13:25] [error] 	at scala.collection.parallel.Task.$anonfun$tryLeaf$1(Tasks.scala:53)
[2025-09-12 22:13:25] [error] 	at scala.runtime.java8.JFunction0$mcV$sp.apply(JFunction0$mcV$sp.java:23)
[2025-09-12 22:13:25] [error] 	at scala.util.control.Breaks$$anon$1.catchBreak(Breaks.scala:67)
[2025-09-12 22:13:25] [error] 	at scala.collection.parallel.Task.tryLeaf(Tasks.scala:56)
[2025-09-12 22:13:25] [error] 	at scala.collection.parallel.Task.tryLeaf$(Tasks.scala:50)
[2025-09-12 22:13:25] [error] 	at scala.collection.parallel.ParIterableLike$ResultMapping.tryLeaf(ParIterableLike.scala:963)
[2025-09-12 22:13:25] [error] 	at scala.collection.parallel.AdaptiveWorkStealingTasks$WrappedTask.compute(Tasks.scala:153)
[2025-09-12 22:13:25] [error] 	at scala.collection.parallel.AdaptiveWorkStealingTasks$WrappedTask.compute$(Tasks.scala:149)
[2025-09-12 22:13:25] [error] 	at scala.collection.parallel.AdaptiveWorkStealingForkJoinTasks$WrappedTask.compute(Tasks.scala:440)
[2025-09-12 22:13:25] [error] 	at java.base/java.util.concurrent.RecursiveAction.exec(RecursiveAction.java:194)
[2025-09-12 22:13:25] [error] 	at java.base/java.util.concurrent.ForkJoinTask.doExec(ForkJoinTask.java:373)
[2025-09-12 22:13:25] [error] 	at java.base/java.util.concurrent.ForkJoinPool$WorkQueue.topLevelExec(ForkJoinPool.java:1182)
[2025-09-12 22:13:25] [error] 	at java.base/java.util.concurrent.ForkJoinPool.scan(ForkJoinPool.java:1655)
[2025-09-12 22:13:25] [error] 	at java.base/java.util.concurrent.ForkJoinPool.runWorker(ForkJoinPool.java:1622)
[2025-09-12 22:13:25] [error] 	at java.base/java.util.concurrent.ForkJoinWorkerThread.run(ForkJoinWorkerThread.java:165)
[2025-09-12 22:13:25] [error] (chipyard / Compile / compileIncremental) Error opening zip file: nvdla_2.12-1.6.jar
[2025-09-12 22:13:25] [error] Total time: 19 s, completed 12 Sept 2025, 22:13:24
[2025-09-12 22:13:25] make: *** [/cluster/home/eirikwit/vortex-gpgpu/chipyard/sims/firesim/sim/src/main/makefrag/firesim/Makefrag:47: /cluster/home/eirikwit/vortex-gpgpu/chipyard/sims/firesim/sim/generated-src/alveo/FireSim-FireSimV8S1C-BaseF1Config1Mem_F25MHz/firesim.firesim.FireSim.FireSimV8S1C.fir] Error 1
